<html>
<body>
<pre>
<h1>µVision Build Log</h1>
<h2>Tool Versions:</h2>
IDE-Version: ¦ÌVision V5.38.0.0
Copyright (C) 2022 ARM Ltd and ARM Germany GmbH. All rights reserved.
License Information: fffer 2719406056@QQ.com, guangzhoushiyuan, LIC=TIVNB-21J2U-DYLV3-A9P95-P91M1-SNGPH
 
Tool Versions:
Toolchain:       MDK-ARM Plus  Version: 5.38.0.0
Toolchain Path:  D:\softinstall\keil\Core\ARM\ARMCC\Bin
C Compiler:      Armcc.exe V5.06 update 7 (build 960)
Assembler:       Armasm.exe V5.06 update 7 (build 960)
Linker/Locator:  ArmLink.exe V5.06 update 7 (build 960)
Library Manager: ArmAr.exe V5.06 update 7 (build 960)
Hex Converter:   FromElf.exe V5.06 update 7 (build 960)
CPU DLL:         SARMCM3.DLL V5.38.0.0
Dialog DLL:      DCM.DLL V1.17.5.0
Target DLL:      STLink\ST-LINKIII-KEIL_SWO.dll V3.1.0.0
Dialog DLL:      TCM.DLL V1.56.4.0
 
<h2>Project:</h2>
D:\Users\Desktop\LVGL\LVGL_CODE\LVGL_03_LCD_TOUCH\MDK-ARM\LVGL_01.uvprojx
Project File Date:  05/03/2026

<h2>Output:</h2>
*** Using Compiler 'V5.06 update 7 (build 960)', folder: 'D:\softinstall\keil\Core\ARM\ARMCC\Bin'
Build target 'LVGL_01'
compiling main.c...
../Core/Src/main.c(195): warning:  #223-D: function "printf" declared implicitly
              printf("KEY0_PRES\n");
../Core/Src/main.c(247): warning:  #223-D: function "printf" declared implicitly
    printf("Hello World!\n");
../Core/Src/main.c(83): warning:  #177-D: function "lcd_draw_bline"  was declared but never referenced
  static void lcd_draw_bline(uint16_t x1, uint16_t y1, uint16_t x2, uint16_t y2, uint8_t size, uint16_t color)
../Core/Src/main.c(211): warning:  #177-D: variable "POINT_COLOR_TBL"  was declared but never referenced
  static const uint16_t POINT_COLOR_TBL[10] = {RED, GREEN, BLUE, BROWN, YELLOW,
../Core/Src/main.c: 4 warnings, 0 errors
linking...
Program Size: Code=27388 RO-data=12768 RW-data=108 ZI-data=1196  
FromELF: creating hex file...
"LVGL_01\LVGL_01.axf" - 0 Error(s), 4 Warning(s).

<h2>Software Packages used:</h2>

Package Vendor: ARM
                http://www.keil.com/pack/ARM.CMSIS.5.9.0.pack
                ARM.CMSIS.5.9.0
                CMSIS (Common Microcontroller Software Interface Standard)
   * Component: CORE Version: 5.6.0

Package Vendor: Keil
                https://www.keil.com/pack/Keil.STM32F4xx_DFP.2.17.1.pack
                Keil.STM32F4xx_DFP.2.17.1
                STMicroelectronics STM32F4 Series Device Support, Drivers and Examples

<h2>Collection of Component include folders:</h2>
  ./RTE/_LVGL_01
  D:/softinstall/keil/Packs/ARM/CMSIS/5.9.0/CMSIS/Core/Include
  D:/softinstall/keil/Packs/Keil/STM32F4xx_DFP/2.17.1/Drivers/CMSIS/Device/ST/STM32F4xx/Include

<h2>Collection of Component Files used:</h2>

   * Component: ARM::CMSIS:CORE:5.6.0
      Include file:  CMSIS/Core/Include/tz_context.h
Build Time Elapsed:  00:00:01
</pre>
</body>
</html>
