Component: ARM Compiler 5.06 update 7 (build 960) Tool: armlink [4d3601]

==============================================================================

Section Cross References

    startup_stm32f407xx.o(RESET) refers to startup_stm32f407xx.o(STACK) for __initial_sp
    startup_stm32f407xx.o(RESET) refers to startup_stm32f407xx.o(.text) for Reset_Handler
    startup_stm32f407xx.o(RESET) refers to stm32f4xx_it.o(i.NMI_Handler) for NMI_Handler
    startup_stm32f407xx.o(RESET) refers to stm32f4xx_it.o(i.HardFault_Handler) for HardFault_Handler
    startup_stm32f407xx.o(RESET) refers to stm32f4xx_it.o(i.MemManage_Handler) for MemManage_Handler
    startup_stm32f407xx.o(RESET) refers to stm32f4xx_it.o(i.BusFault_Handler) for BusFault_Handler
    startup_stm32f407xx.o(RESET) refers to stm32f4xx_it.o(i.UsageFault_Handler) for UsageFault_Handler
    startup_stm32f407xx.o(RESET) refers to stm32f4xx_it.o(i.SVC_Handler) for SVC_Handler
    startup_stm32f407xx.o(RESET) refers to stm32f4xx_it.o(i.DebugMon_Handler) for DebugMon_Handler
    startup_stm32f407xx.o(RESET) refers to stm32f4xx_it.o(i.PendSV_Handler) for PendSV_Handler
    startup_stm32f407xx.o(RESET) refers to stm32f4xx_it.o(i.SysTick_Handler) for SysTick_Handler
    startup_stm32f407xx.o(RESET) refers to stm32f4xx_it.o(i.TIM6_DAC_IRQHandler) for TIM6_DAC_IRQHandler
    startup_stm32f407xx.o(.text) refers to system_stm32f4xx.o(i.SystemInit) for SystemInit
    startup_stm32f407xx.o(.text) refers to entry.o(.ARM.Collect$$$$00000000) for __main
    main.o(i.SystemClock_Config) refers to memseta.o(.text) for __aeabi_memclr4
    main.o(i.SystemClock_Config) refers to stm32f4xx_hal_rcc.o(i.HAL_RCC_OscConfig) for HAL_RCC_OscConfig
    main.o(i.SystemClock_Config) refers to stm32f4xx_hal_rcc.o(i.HAL_RCC_ClockConfig) for HAL_RCC_ClockConfig
    main.o(i.load_draw_dialog) refers to lcd.o(i.lcd_clear) for lcd_clear
    main.o(i.load_draw_dialog) refers to lcd.o(i.lcd_show_string) for lcd_show_string
    main.o(i.load_draw_dialog) refers to lcd.o(.bss) for lcddev
    main.o(i.main) refers to stm32f4xx_hal.o(i.HAL_Init) for HAL_Init
    main.o(i.main) refers to main.o(i.SystemClock_Config) for SystemClock_Config
    main.o(i.main) refers to gpio.o(i.MX_GPIO_Init) for MX_GPIO_Init
    main.o(i.main) refers to fsmc.o(i.MX_FSMC_Init) for MX_FSMC_Init
    main.o(i.main) refers to usart.o(i.MX_USART1_UART_Init) for MX_USART1_UART_Init
    main.o(i.main) refers to tim.o(i.MX_TIM6_Init) for MX_TIM6_Init
    main.o(i.main) refers to printfa.o(i.__0printf) for __2printf
    main.o(i.main) refers to delay.o(i.DWT_Init) for DWT_Init
    main.o(i.main) refers to lcd.o(i.lcd_init) for lcd_init
    main.o(i.main) refers to key.o(i.key_init) for key_init
    main.o(i.main) refers to lcd.o(i.lcd_show_string) for lcd_show_string
    main.o(i.main) refers to touch.o(.data) for tp_dev
    main.o(i.main) refers to main.o(.data) for .data
    main.o(i.rtp_test) refers to key.o(i.key_scan) for key_scan
    main.o(i.rtp_test) refers to main.o(i.load_draw_dialog) for load_draw_dialog
    main.o(i.rtp_test) refers to touch.o(i.tp_draw_big_point) for tp_draw_big_point
    main.o(i.rtp_test) refers to delay.o(i.delay_ms) for delay_ms
    main.o(i.rtp_test) refers to printfa.o(i.__0printf) for __2printf
    main.o(i.rtp_test) refers to touch.o(i.tp_adjust) for tp_adjust
    main.o(i.rtp_test) refers to touch.o(i.tp_save_adjust_data) for tp_save_adjust_data
    main.o(i.rtp_test) refers to stm32f4xx_hal_gpio.o(i.HAL_GPIO_TogglePin) for HAL_GPIO_TogglePin
    main.o(i.rtp_test) refers to lcd.o(.bss) for lcddev
    main.o(i.rtp_test) refers to touch.o(.data) for tp_dev
    gpio.o(i.MX_GPIO_Init) refers to memseta.o(.text) for __aeabi_memclr4
    gpio.o(i.MX_GPIO_Init) refers to stm32f4xx_hal_gpio.o(i.HAL_GPIO_WritePin) for HAL_GPIO_WritePin
    gpio.o(i.MX_GPIO_Init) refers to stm32f4xx_hal_gpio.o(i.HAL_GPIO_Init) for HAL_GPIO_Init
    fsmc.o(i.HAL_FSMC_MspInit) refers to memseta.o(.text) for __aeabi_memclr4
    fsmc.o(i.HAL_FSMC_MspInit) refers to stm32f4xx_hal_gpio.o(i.HAL_GPIO_Init) for HAL_GPIO_Init
    fsmc.o(i.HAL_FSMC_MspInit) refers to fsmc.o(.data) for .data
    fsmc.o(i.HAL_SRAM_MspDeInit) refers to stm32f4xx_hal_gpio.o(i.HAL_GPIO_DeInit) for HAL_GPIO_DeInit
    fsmc.o(i.HAL_SRAM_MspDeInit) refers to fsmc.o(.data) for .data
    fsmc.o(i.HAL_SRAM_MspInit) refers to fsmc.o(i.HAL_FSMC_MspInit) for HAL_FSMC_MspInit
    fsmc.o(i.MX_FSMC_Init) refers to memseta.o(.text) for __aeabi_memclr4
    fsmc.o(i.MX_FSMC_Init) refers to stm32f4xx_hal_sram.o(i.HAL_SRAM_Init) for HAL_SRAM_Init
    fsmc.o(i.MX_FSMC_Init) refers to main.o(i.Error_Handler) for Error_Handler
    fsmc.o(i.MX_FSMC_Init) refers to fsmc.o(.bss) for .bss
    tim.o(i.HAL_TIM_Base_MspDeInit) refers to stm32f4xx_hal_cortex.o(i.HAL_NVIC_DisableIRQ) for HAL_NVIC_DisableIRQ
[...]
    ../clib/microlib/longlong.c              0x00000000   Number         0  llsshr.o ABSOLUTE
    ../clib/microlib/printf/printf.c         0x00000000   Number         0  printf8.o ABSOLUTE
    ../clib/microlib/printf/printf.c         0x00000000   Number         0  printf2.o ABSOLUTE
    ../clib/microlib/printf/printf.c         0x00000000   Number         0  printf7.o ABSOLUTE
    ../clib/microlib/printf/printf.c         0x00000000   Number         0  printf6.o ABSOLUTE
    ../clib/microlib/printf/printf.c         0x00000000   Number         0  printf5.o ABSOLUTE
    ../clib/microlib/printf/printf.c         0x00000000   Number         0  printf1.o ABSOLUTE
    ../clib/microlib/printf/printf.c         0x00000000   Number         0  printfb.o ABSOLUTE
    ../clib/microlib/printf/printf.c         0x00000000   Number         0  printf4.o ABSOLUTE
    ../clib/microlib/printf/printf.c         0x00000000   Number         0  printfa.o ABSOLUTE
    ../clib/microlib/printf/printf.c         0x00000000   Number         0  printf0.o ABSOLUTE
    ../clib/microlib/printf/printf.c         0x00000000   Number         0  printf3.o ABSOLUTE
    ../clib/microlib/printf/stubs.s          0x00000000   Number         0  stubs.o ABSOLUTE
    ../clib/microlib/stdio/streams.c         0x00000000   Number         0  stdout.o ABSOLUTE
    ../clib/microlib/string/memset.c         0x00000000   Number         0  memseta.o ABSOLUTE
    ../clib/microlib/string/strcmp.c         0x00000000   Number         0  strcmp.o ABSOLUTE
    ../clib/microlib/stubs.s                 0x00000000   Number         0  iusefp.o ABSOLUTE
    ../fplib/microlib/fpadd.c                0x00000000   Number         0  dadd.o ABSOLUTE
    ../fplib/microlib/fpdiv.c                0x00000000   Number         0  ddiv.o ABSOLUTE
    ../fplib/microlib/fpepilogue.c           0x00000000   Number         0  depilogue.o ABSOLUTE
    ../fplib/microlib/fpfix.c                0x00000000   Number         0  dfixul.o ABSOLUTE
    ../fplib/microlib/fpfix.c                0x00000000   Number         0  dfixui.o ABSOLUTE
    ../fplib/microlib/fpflt.c                0x00000000   Number         0  dflti.o ABSOLUTE
    ../fplib/microlib/fpflt.c                0x00000000   Number         0  dfltui.o ABSOLUTE
    ../fplib/microlib/fpmul.c                0x00000000   Number         0  dmul.o ABSOLUTE
    ../fplib/microlib/fpneg.c                0x00000000   Number         0  dneg.o ABSOLUTE
    ..\BSP\24CXX\24cxx.c                     0x00000000   Number         0  24cxx.o ABSOLUTE
    ..\BSP\IIC\myiic.c                       0x00000000   Number         0  myiic.o ABSOLUTE
    ..\BSP\KEY\key.c                         0x00000000   Number         0  key.o ABSOLUTE
    ..\BSP\LCD\Src\delay.c                   0x00000000   Number         0  delay.o ABSOLUTE
    ..\BSP\LCD\Src\key_led.c                 0x00000000   Number         0  key_led.o ABSOLUTE
    ..\BSP\LCD\Src\lcd.c                     0x00000000   Number         0  lcd.o ABSOLUTE
    ..\BSP\TOUCH\ctiic.c                     0x00000000   Number         0  ctiic.o ABSOLUTE
    ..\BSP\TOUCH\ft5206.c                    0x00000000   Number         0  ft5206.o ABSOLUTE
    ..\BSP\TOUCH\gt9xxx.c                    0x00000000   Number         0  gt9xxx.o ABSOLUTE
    ..\BSP\TOUCH\touch.c                     0x00000000   Number         0  touch.o ABSOLUTE
    ..\Core\Src\fsmc.c                       0x00000000   Number         0  fsmc.o ABSOLUTE
    ..\Core\Src\gpio.c                       0x00000000   Number         0  gpio.o ABSOLUTE
    ..\Core\Src\main.c                       0x00000000   Number         0  main.o ABSOLUTE
    ..\Core\Src\stm32f4xx_hal_msp.c          0x00000000   Number         0  stm32f4xx_hal_msp.o ABSOLUTE
    ..\Core\Src\stm32f4xx_it.c               0x00000000   Number         0  stm32f4xx_it.o ABSOLUTE
    ..\Core\Src\system_stm32f4xx.c           0x00000000   Number         0  system_stm32f4xx.o ABSOLUTE
    ..\Core\Src\tim.c                        0x00000000   Number         0  tim.o ABSOLUTE
    ..\Core\Src\usart.c                      0x00000000   Number         0  usart.o ABSOLUTE
    ..\Drivers\STM32F4xx_HAL_Driver\Src\stm32f4xx_hal.c 0x00000000   Number         0  stm32f4xx_hal.o ABSOLUTE
    ..\Drivers\STM32F4xx_HAL_Driver\Src\stm32f4xx_hal_cortex.c 0x00000000   Number         0  stm32f4xx_hal_cortex.o ABSOLUTE
    ..\Drivers\STM32F4xx_HAL_Driver\Src\stm32f4xx_hal_dma.c 0x00000000   Number         0  stm32f4xx_hal_dma.o ABSOLUTE
    ..\Drivers\STM32F4xx_HAL_Driver\Src\stm32f4xx_hal_dma_ex.c 0x00000000   Number         0  stm32f4xx_hal_dma_ex.o ABSOLUTE
    ..\Drivers\STM32F4xx_HAL_Driver\Src\stm32f4xx_hal_exti.c 0x00000000   Number         0  stm32f4xx_hal_exti.o ABSOLUTE
    ..\Drivers\STM32F4xx_HAL_Driver\Src\stm32f4xx_hal_flash.c 0x00000000   Number         0  stm32f4xx_hal_flash.o ABSOLUTE
    ..\Drivers\STM32F4xx_HAL_Driver\Src\stm32f4xx_hal_flash_ex.c 0x00000000   Number         0  stm32f4xx_hal_flash_ex.o ABSOLUTE
    ..\Drivers\STM32F4xx_HAL_Driver\Src\stm32f4xx_hal_flash_ramfunc.c 0x00000000   Number         0  stm32f4xx_hal_flash_ramfunc.o ABSOLUTE
    ..\Drivers\STM32F4xx_HAL_Driver\Src\stm32f4xx_hal_gpio.c 0x00000000   Number         0  stm32f4xx_hal_gpio.o ABSOLUTE
    ..\Drivers\STM32F4xx_HAL_Driver\Src\stm32f4xx_hal_nand.c 0x00000000   Number         0  stm32f4xx_hal_nand.o ABSOLUTE
    ..\Drivers\STM32F4xx_HAL_Driver\Src\stm32f4xx_hal_nor.c 0x00000000   Number         0  stm32f4xx_hal_nor.o ABSOLUTE
    ..\Drivers\STM32F4xx_HAL_Driver\Src\stm32f4xx_hal_pccard.c 0x00000000   Number         0  stm32f4xx_hal_pccard.o ABSOLUTE
    ..\Drivers\STM32F4xx_HAL_Driver\Src\stm32f4xx_hal_pwr.c 0x00000000   Number         0  stm32f4xx_hal_pwr.o ABSOLUTE
    ..\Drivers\STM32F4xx_HAL_Driver\Src\stm32f4xx_hal_pwr_ex.c 0x00000000   Number         0  stm32f4xx_hal_pwr_ex.o ABSOLUTE
    ..\Drivers\STM32F4xx_HAL_Driver\Src\stm32f4xx_hal_rcc.c 0x00000000   Number         0  stm32f4xx_hal_rcc.o ABSOLUTE
    ..\Drivers\STM32F4xx_HAL_Driver\Src\stm32f4xx_hal_rcc_ex.c 0x00000000   Number         0  stm32f4xx_hal_rcc_ex.o ABSOLUTE
    ..\Drivers\STM32F4xx_HAL_Driver\Src\stm32f4xx_hal_sram.c 0x00000000   Number         0  stm32f4xx_hal_sram.o ABSOLUTE
    ..\Drivers\STM32F4xx_HAL_Driver\Src\stm32f4xx_hal_tim.c 0x00000000   Number         0  stm32f4xx_hal_tim.o ABSOLUTE
    ..\Drivers\STM32F4xx_HAL_Driver\Src\stm32f4xx_hal_tim_ex.c 0x00000000   Number         0  stm32f4xx_hal_tim_ex.o ABSOLUTE
    ..\Drivers\STM32F4xx_HAL_Driver\Src\stm32f4xx_hal_uart.c 0x00000000   Number         0  stm32f4xx_hal_uart.o ABSOLUTE
    ..\Drivers\STM32F4xx_HAL_Driver\Src\stm32f4xx_ll_fsmc.c 0x00000000   Number         0  stm32f4xx_ll_fsmc.o ABSOLUTE
    ..\\BSP\\24CXX\\24cxx.c                  0x00000000   Number         0  24cxx.o ABSOLUTE
    ..\\BSP\\IIC\\myiic.c                    0x00000000   Number         0  myiic.o ABSOLUTE
    ..\\BSP\\KEY\\key.c                      0x00000000   Number         0  key.o ABSOLUTE
    ..\\BSP\\LCD\\Src\\delay.c               0x00000000   Number         0  delay.o ABSOLUTE
    ..\\BSP\\LCD\\Src\\key_led.c             0x00000000   Number         0  key_led.o ABSOLUTE
    ..\\BSP\\LCD\\Src\\lcd.c                 0x00000000   Number         0  lcd.o ABSOLUTE
    ..\\BSP\\TOUCH\\ctiic.c                  0x00000000   Number         0  ctiic.o ABSOLUTE
    ..\\BSP\\TOUCH\\ft5206.c                 0x00000000   Number         0  ft5206.o ABSOLUTE
    ..\\BSP\\TOUCH\\gt9xxx.c                 0x00000000   Number         0  gt9xxx.o ABSOLUTE
    ..\\BSP\\TOUCH\\touch.c                  0x00000000   Number         0  touch.o ABSOLUTE
    cdcmple.s                                0x00000000   Number         0  cdcmple.o ABSOLUTE
    cdrcmple.s                               0x00000000   Number         0  cdrcmple.o ABSOLUTE
    dc.s                                     0x00000000   Number         0  dc.o ABSOLUTE
    handlers.s                               0x00000000   Number         0  handlers.o ABSOLUTE
    init.s                                   0x00000000   Number         0  init.o ABSOLUTE
    startup_stm32f407xx.s                    0x00000000   Number         0  startup_stm32f407xx.o ABSOLUTE
    RESET                                    0x08000000   Section      392  startup_stm32f407xx.o(RESET)
    .ARM.Collect$$$$00000000                 0x08000188   Section        0  entry.o(.ARM.Collect$$$$00000000)
    .ARM.Collect$$$$00000001                 0x08000188   Section        4  entry2.o(.ARM.Collect$$$$00000001)
    .ARM.Collect$$$$00000004                 0x0800018c   Section        4  entry5.o(.ARM.Collect$$$$00000004)
    .ARM.Collect$$$$00000008                 0x08000190   Section        0  entry7b.o(.ARM.Collect$$$$00000008)
    .ARM.Collect$$$$0000000A                 0x08000190   Section        0  entry8b.o(.ARM.Collect$$$$0000000A)
    .ARM.Collect$$$$0000000B                 0x08000190   Section        8  entry9a.o(.ARM.Collect$$$$0000000B)
    .ARM.Collect$$$$0000000E                 0x08000198   Section        4  entry12b.o(.ARM.Collect$$$$0000000E)
    .ARM.Collect$$$$0000000F                 0x0800019c   Section        0  entry10a.o(.ARM.Collect$$$$0000000F)
    .ARM.Collect$$$$00000011                 0x0800019c   Section        0  entry11a.o(.ARM.Collect$$$$00000011)
    .ARM.Collect$$$$00002712                 0x0800019c   Section        4  entry2.o(.ARM.Collect$$$$00002712)
    __lit__00000000                          0x0800019c   Data           4  entry2.o(.ARM.Collect$$$$00002712)
    .text                                    0x080001a0   Section       36  startup_stm32f407xx.o(.text)
    $v0                                      0x080001a0   Number         0  startup_stm32f407xx.o(.text)
    .text                                    0x080001c4   Section        0  uldiv.o(.text)
    .text                                    0x08000226   Section        0  memseta.o(.text)
    .text                                    0x0800024a   Section        0  strcmp.o(.text)
    .text                                    0x08000266   Section        0  dmul.o(.text)
    .text                                    0x0800034a   Section        0  ddiv.o(.text)
    .text                                    0x08000428   Section        0  dflti.o(.text)
    .text                                    0x0800044a   Section        0  dfltui.o(.text)
    .text                                    0x08000464   Section        0  dfixui.o(.text)
    .text                                    0x08000498   Section       48  cdcmple.o(.text)
    .text                                    0x080004c8   Section       48  cdrcmple.o(.text)
    .text                                    0x080004f8   Section        0  uidiv.o(.text)
    .text                                    0x08000524   Section        0  llshl.o(.text)
    .text                                    0x08000542   Section        0  llushr.o(.text)
    .text                                    0x08000562   Section        0  depilogue.o(.text)
    .text                                    0x08000562   Section        0  iusefp.o(.text)
    .text                                    0x0800061c   Section        0  dadd.o(.text)
    .text                                    0x0800076a   Section        0  dfixul.o(.text)
    .text                                    0x0800079c   Section       36  init.o(.text)
    .text                                    0x080007c0   Section        0  llsshr.o(.text)
    i.BusFault_Handler                       0x080007e4   Section        0  stm32f4xx_it.o(i.BusFault_Handler)
    i.DWT_Init                               0x080007e8   Section        0  delay.o(i.DWT_Init)
    i.DebugMon_Handler                       0x08000810   Section        0  stm32f4xx_it.o(i.DebugMon_Handler)
    i.Error_Handler                          0x08000812   Section        0  main.o(i.Error_Handler)
    i.FSMC_NORSRAM_Extended_Timing_Init      0x08000818   Section        0  stm32f4xx_ll_fsmc.o(i.FSMC_NORSRAM_Extended_Timing_Init)
    i.FSMC_NORSRAM_Init                      0x08000854   Section        0  stm32f4xx_ll_fsmc.o(i.FSMC_NORSRAM_Init)
    i.FSMC_NORSRAM_Timing_Init               0x080008bc   Section        0  stm32f4xx_ll_fsmc.o(i.FSMC_NORSRAM_Timing_Init)
    i.HAL_Delay                              0x080008f8   Section        0  stm32f4xx_hal.o(i.HAL_Delay)
    i.HAL_FSMC_MspInit                       0x0800091c   Section        0  fsmc.o(i.HAL_FSMC_MspInit)
    HAL_FSMC_MspInit                         0x0800091d   Thumb Code    98  fsmc.o(i.HAL_FSMC_MspInit)
    i.HAL_GPIO_Init                          0x08000990   Section        0  stm32f4xx_hal_gpio.o(i.HAL_GPIO_Init)
    i.HAL_GPIO_ReadPin                       0x08000b80   Section        0  stm32f4xx_hal_gpio.o(i.HAL_GPIO_ReadPin)
    i.HAL_GPIO_WritePin                      0x08000b8a   Section        0  stm32f4xx_hal_gpio.o(i.HAL_GPIO_WritePin)
    i.HAL_GetTick                            0x08000b94   Section        0  stm32f4xx_hal.o(i.HAL_GetTick)
    i.HAL_IncTick                            0x08000ba0   Section        0  stm32f4xx_hal.o(i.HAL_IncTick)
    i.HAL_Init                               0x08000bb0   Section        0  stm32f4xx_hal.o(i.HAL_Init)
    i.HAL_InitTick                           0x08000be4   Section        0  stm32f4xx_hal.o(i.HAL_InitTick)
    i.HAL_MspInit                            0x08000c24   Section        0  stm32f4xx_hal_msp.o(i.HAL_MspInit)
    i.HAL_NVIC_EnableIRQ                     0x08000c54   Section        0  stm32f4xx_hal_cortex.o(i.HAL_NVIC_EnableIRQ)
    i.HAL_NVIC_SetPriority                   0x08000c70   Section        0  stm32f4xx_hal_cortex.o(i.HAL_NVIC_SetPriority)
    i.HAL_NVIC_SetPriorityGrouping           0x08000cb0   Section        0  stm32f4xx_hal_cortex.o(i.HAL_NVIC_SetPriorityGrouping)
    i.HAL_RCC_ClockConfig                    0x08000cd4   Section        0  stm32f4xx_hal_rcc.o(i.HAL_RCC_ClockConfig)
    i.HAL_RCC_GetPCLK1Freq                   0x08000e08   Section        0  stm32f4xx_hal_rcc.o(i.HAL_RCC_GetPCLK1Freq)
    i.HAL_RCC_GetPCLK2Freq                   0x08000e28   Section        0  stm32f4xx_hal_rcc.o(i.HAL_RCC_GetPCLK2Freq)
    i.HAL_RCC_GetSysClockFreq                0x08000e48   Section        0  stm32f4xx_hal_rcc.o(i.HAL_RCC_GetSysClockFreq)
    i.HAL_RCC_OscConfig                      0x08000ea8   Section        0  stm32f4xx_hal_rcc.o(i.HAL_RCC_OscConfig)
    i.HAL_SRAM_Init                          0x08001214   Section        0  stm32f4xx_hal_sram.o(i.HAL_SRAM_Init)
    i.HAL_SRAM_MspInit                       0x08001270   Section        0  fsmc.o(i.HAL_SRAM_MspInit)
    i.HAL_SYSTICK_Config                     0x08001274   Section        0  stm32f4xx_hal_cortex.o(i.HAL_SYSTICK_Config)
    i.HAL_TIMEx_BreakCallback                0x0800129c   Section        0  stm32f4xx_hal_tim_ex.o(i.HAL_TIMEx_BreakCallback)
    i.HAL_TIMEx_CommutCallback               0x0800129e   Section        0  stm32f4xx_hal_tim_ex.o(i.HAL_TIMEx_CommutCallback)
    i.HAL_TIMEx_MasterConfigSynchronization  0x080012a0   Section        0  stm32f4xx_hal_tim_ex.o(i.HAL_TIMEx_MasterConfigSynchronization)
    i.HAL_TIM_Base_Init                      0x08001330   Section        0  stm32f4xx_hal_tim.o(i.HAL_TIM_Base_Init)
    i.HAL_TIM_Base_MspInit                   0x0800138c   Section        0  tim.o(i.HAL_TIM_Base_MspInit)
    i.HAL_TIM_Base_Start_IT                  0x080013c8   Section        0  stm32f4xx_hal_tim.o(i.HAL_TIM_Base_Start_IT)
    i.HAL_TIM_IC_CaptureCallback             0x08001448   Section        0  stm32f4xx_hal_tim.o(i.HAL_TIM_IC_CaptureCallback)
    i.HAL_TIM_IRQHandler                     0x0800144a   Section        0  stm32f4xx_hal_tim.o(i.HAL_TIM_IRQHandler)
    i.HAL_TIM_OC_DelayElapsedCallback        0x0800157a   Section        0  stm32f4xx_hal_tim.o(i.HAL_TIM_OC_DelayElapsedCallback)
    i.HAL_TIM_PWM_PulseFinishedCallback      0x0800157c   Section        0  stm32f4xx_hal_tim.o(i.HAL_TIM_PWM_PulseFinishedCallback)
    i.HAL_TIM_PeriodElapsedCallback          0x0800157e   Section        0  stm32f4xx_hal_tim.o(i.HAL_TIM_PeriodElapsedCallback)
    i.HAL_TIM_TriggerCallback                0x08001580   Section        0  stm32f4xx_hal_tim.o(i.HAL_TIM_TriggerCallback)
    i.HAL_UART_Init                          0x08001582   Section        0  stm32f4xx_hal_uart.o(i.HAL_UART_Init)
    i.HAL_UART_MspInit                       0x080015e8   Section        0  usart.o(i.HAL_UART_MspInit)
    i.HAL_UART_Transmit                      0x08001654   Section        0  stm32f4xx_hal_uart.o(i.HAL_UART_Transmit)
    i.HardFault_Handler                      0x080016f4   Section        0  stm32f4xx_it.o(i.HardFault_Handler)
    i.MX_FSMC_Init                           0x080016f8   Section        0  fsmc.o(i.MX_FSMC_Init)
    i.MX_GPIO_Init                           0x08001780   Section        0  gpio.o(i.MX_GPIO_Init)
    i.MX_TIM6_Init                           0x08001830   Section        0  tim.o(i.MX_TIM6_Init)
    i.MX_USART1_UART_Init                    0x08001878   Section        0  usart.o(i.MX_USART1_UART_Init)
    i.MemManage_Handler                      0x080018b0   Section        0  stm32f4xx_it.o(i.MemManage_Handler)
    i.NMI_Handler                            0x080018b2   Section        0  stm32f4xx_it.o(i.NMI_Handler)
    i.PendSV_Handler                         0x080018b4   Section        0  stm32f4xx_it.o(i.PendSV_Handler)
    i.SVC_Handler                            0x080018b6   Section        0  stm32f4xx_it.o(i.SVC_Handler)
    i.SysTick_Handler                        0x080018b8   Section        0  stm32f4xx_it.o(i.SysTick_Handler)
    i.SystemClock_Config                     0x080018bc   Section        0  main.o(i.SystemClock_Config)
    i.SystemInit                             0x08001950   Section        0  system_stm32f4xx.o(i.SystemInit)
    i.TIM6_DAC_IRQHandler                    0x08001960   Section        0  stm32f4xx_it.o(i.TIM6_DAC_IRQHandler)
    i.TIM_Base_SetConfig                     0x0800197c   Section        0  stm32f4xx_hal_tim.o(i.TIM_Base_SetConfig)
    i.UART_EndRxTransfer                     0x08001a4c   Section        0  stm32f4xx_hal_uart.o(i.UART_EndRxTransfer)
    UART_EndRxTransfer                       0x08001a4d   Thumb Code    78  stm32f4xx_hal_uart.o(i.UART_EndRxTransfer)
    i.UART_SetConfig                         0x08001a9c   Section        0  stm32f4xx_hal_uart.o(i.UART_SetConfig)
    UART_SetConfig                           0x08001a9d   Thumb Code   258  stm32f4xx_hal_uart.o(i.UART_SetConfig)
    i.UART_WaitOnFlagUntilTimeout            0x08001ba8   Section        0  stm32f4xx_hal_uart.o(i.UART_WaitOnFlagUntilTimeout)
    UART_WaitOnFlagUntilTimeout              0x08001ba9   Thumb Code   114  stm32f4xx_hal_uart.o(i.UART_WaitOnFlagUntilTimeout)
    i.UsageFault_Handler                     0x08001c1a   Section        0  stm32f4xx_it.o(i.UsageFault_Handler)
    i.__0printf                              0x08001c1c   Section        0  printfa.o(i.__0printf)
    i.__0sprintf                             0x08001c3c   Section        0  printfa.o(i.__0sprintf)
    i.__NVIC_SetPriority                     0x08001c64   Section        0  stm32f4xx_hal_cortex.o(i.__NVIC_SetPriority)
    __NVIC_SetPriority                       0x08001c65   Thumb Code    32  stm32f4xx_hal_cortex.o(i.__NVIC_SetPriority)
    i.__scatterload_copy                     0x08001c84   Section       14  handlers.o(i.__scatterload_copy)
    i.__scatterload_null                     0x08001c92   Section        2  handlers.o(i.__scatterload_null)
    i.__scatterload_zeroinit                 0x08001c94   Section       14  handlers.o(i.__scatterload_zeroinit)
    i._fp_digits                             0x08001ca4   Section        0  printfa.o(i._fp_digits)
    _fp_digits                               0x08001ca5   Thumb Code   366  printfa.o(i._fp_digits)
    i._printf_core                           0x08001e28   Section        0  printfa.o(i._printf_core)
    _printf_core                             0x08001e29   Thumb Code  1704  printfa.o(i._printf_core)
    i._printf_post_padding                   0x080024dc   Section        0  printfa.o(i._printf_post_padding)
    _printf_post_padding                     0x080024dd   Thumb Code    36  printfa.o(i._printf_post_padding)
    i._printf_pre_padding                    0x08002500   Section        0  printfa.o(i._printf_pre_padding)
    _printf_pre_padding                      0x08002501   Thumb Code    46  printfa.o(i._printf_pre_padding)
    i._sputc                                 0x0800252e   Section        0  printfa.o(i._sputc)
    _sputc                                   0x0800252f   Thumb Code    10  printfa.o(i._sputc)
    i.at24cxx_init                           0x08002538   Section        0  24cxx.o(i.at24cxx_init)
    i.at24cxx_read                           0x0800253c   Section        0  24cxx.o(i.at24cxx_read)
    i.at24cxx_read_one_byte                  0x0800255c   Section        0  24cxx.o(i.at24cxx_read_one_byte)
    i.at24cxx_write                          0x080025a0   Section        0  24cxx.o(i.at24cxx_write)
    i.at24cxx_write_one_byte                 0x080025c2   Section        0  24cxx.o(i.at24cxx_write_one_byte)
    i.ct_iic_ack                             0x08002600   Section        0  ctiic.o(i.ct_iic_ack)
    i.ct_iic_init                            0x08002658   Section        0  ctiic.o(i.ct_iic_init)
    i.ct_iic_nack                            0x080026b8   Section        0  ctiic.o(i.ct_iic_nack)
    i.ct_iic_read_byte                       0x080026f8   Section        0  ctiic.o(i.ct_iic_read_byte)
    i.ct_iic_send_byte                       0x08002760   Section        0  ctiic.o(i.ct_iic_send_byte)
    i.ct_iic_start                           0x080027c8   Section        0  ctiic.o(i.ct_iic_start)
    i.ct_iic_stop                            0x08002818   Section        0  ctiic.o(i.ct_iic_stop)
    i.ct_iic_wait_ack                        0x0800285c   Section        0  ctiic.o(i.ct_iic_wait_ack)
    i.delay_ms                               0x080028c8   Section        0  delay.o(i.delay_ms)
    i.delay_us                               0x080028d4   Section        0  delay.o(i.delay_us)
    i.fputc                                  0x08002900   Section        0  usart.o(i.fputc)
    i.ft5206_init                            0x08002918   Section        0  ft5206.o(i.ft5206_init)
    i.ft5206_rd_reg                          0x08002a28   Section        0  ft5206.o(i.ft5206_rd_reg)
    i.ft5206_scan                            0x08002a80   Section        0  ft5206.o(i.ft5206_scan)
    i.ft5206_wr_reg                          0x08002bc8   Section        0  ft5206.o(i.ft5206_wr_reg)
    i.gt9xxx_init                            0x08002c10   Section        0  gt9xxx.o(i.gt9xxx_init)
    i.gt9xxx_rd_reg                          0x08002d60   Section        0  gt9xxx.o(i.gt9xxx_rd_reg)
    i.gt9xxx_scan                            0x08002dc0   Section        0  gt9xxx.o(i.gt9xxx_scan)
    i.gt9xxx_wr_reg                          0x08002fa4   Section        0  gt9xxx.o(i.gt9xxx_wr_reg)
    i.iic_ack                                0x08002ff8   Section        0  myiic.o(i.iic_ack)
    i.iic_init                               0x0800304c   Section        0  myiic.o(i.iic_init)
    i.iic_nack                               0x080030b8   Section        0  myiic.o(i.iic_nack)
    i.iic_read_byte                          0x080030f8   Section        0  myiic.o(i.iic_read_byte)
    i.iic_send_byte                          0x08003160   Section        0  myiic.o(i.iic_send_byte)
    i.iic_start                              0x080031c0   Section        0  myiic.o(i.iic_start)
    i.iic_stop                               0x0800320c   Section        0  myiic.o(i.iic_stop)
    i.iic_wait_ack                           0x0800324c   Section        0  myiic.o(i.iic_wait_ack)
    i.key_init                               0x080032b4   Section        0  key.o(i.key_init)
    i.lcd_clear                              0x08003318   Section        0  lcd.o(i.lcd_clear)
    i.lcd_display_dir                        0x08003348   Section        0  lcd.o(i.lcd_display_dir)
    i.lcd_draw_circle                        0x08003434   Section        0  lcd.o(i.lcd_draw_circle)
    i.lcd_draw_line                          0x080034f8   Section        0  lcd.o(i.lcd_draw_line)
    i.lcd_draw_point                         0x08003594   Section        0  lcd.o(i.lcd_draw_point)
    i.lcd_ex_ili9341_reginit                 0x080035ac   Section        0  lcd.o(i.lcd_ex_ili9341_reginit)
    i.lcd_ex_ili9806_reginit                 0x080037da   Section        0  lcd.o(i.lcd_ex_ili9806_reginit)
    i.lcd_ex_nt35310_reginit                 0x08003b1c   Section        0  lcd.o(i.lcd_ex_nt35310_reginit)
    i.lcd_ex_nt35510_reginit                 0x08004a10   Section        0  lcd.o(i.lcd_ex_nt35510_reginit)
    i.lcd_ex_ssd1963_reginit                 0x0800590a   Section        0  lcd.o(i.lcd_ex_ssd1963_reginit)
    i.lcd_ex_st7789_reginit                  0x08005a7a   Section        0  lcd.o(i.lcd_ex_st7789_reginit)
    i.lcd_ex_st7796_reginit                  0x08005c24   Section        0  lcd.o(i.lcd_ex_st7796_reginit)
    i.lcd_fill                               0x08005de8   Section        0  lcd.o(i.lcd_fill)
    i.lcd_init                               0x08005e30   Section        0  lcd.o(i.lcd_init)
    i.lcd_rd_data                            0x08006044   Section        0  lcd.o(i.lcd_rd_data)
    lcd_rd_data                              0x08006045   Thumb Code    22  lcd.o(i.lcd_rd_data)
    i.lcd_scan_dir                           0x08006060   Section        0  lcd.o(i.lcd_scan_dir)
    i.lcd_set_cursor                         0x080061e4   Section        0  lcd.o(i.lcd_set_cursor)
    i.lcd_show_char                          0x080062d8   Section        0  lcd.o(i.lcd_show_char)
    i.lcd_show_string                        0x080063b4   Section        0  lcd.o(i.lcd_show_string)
    i.lcd_ssd_backlight_set                  0x0800640c   Section        0  lcd.o(i.lcd_ssd_backlight_set)
    i.lcd_wr_data                            0x0800645c   Section        0  lcd.o(i.lcd_wr_data)
    i.lcd_wr_regno                           0x08006474   Section        0  lcd.o(i.lcd_wr_regno)
    i.lcd_write_ram_prepare                  0x0800648c   Section        0  lcd.o(i.lcd_write_ram_prepare)
    i.lcd_write_reg                          0x080064a0   Section        0  lcd.o(i.lcd_write_reg)
    i.main                                   0x080064b0   Section        0  main.o(i.main)
    i.tp_adjust                              0x0800658c   Section        0  touch.o(i.tp_adjust)
    i.tp_adjust_info_show                    0x080068e8   Section        0  touch.o(i.tp_adjust_info_show)
    tp_adjust_info_show                      0x080068e9   Thumb Code   254  touch.o(i.tp_adjust_info_show)
    i.tp_draw_touch_point                    0x08006a14   Section        0  touch.o(i.tp_draw_touch_point)
    tp_draw_touch_point                      0x08006a15   Thumb Code   126  touch.o(i.tp_draw_touch_point)
    i.tp_get_adjust_data                     0x08006a94   Section        0  touch.o(i.tp_get_adjust_data)
    i.tp_init                                0x08006ab8   Section        0  touch.o(i.tp_init)
    i.tp_read_ad                             0x08006c4c   Section        0  touch.o(i.tp_read_ad)
    tp_read_ad                               0x08006c4d   Thumb Code   250  touch.o(i.tp_read_ad)
    i.tp_read_xoy                            0x08006d4c   Section        0  touch.o(i.tp_read_xoy)
    tp_read_xoy                              0x08006d4d   Thumb Code   100  touch.o(i.tp_read_xoy)
    i.tp_read_xy                             0x08006db0   Section        0  touch.o(i.tp_read_xy)
    tp_read_xy                               0x08006db1   Thumb Code    48  touch.o(i.tp_read_xy)
    i.tp_read_xy2                            0x08006de4   Section        0  touch.o(i.tp_read_xy2)
    tp_read_xy2                              0x08006de5   Thumb Code   114  touch.o(i.tp_read_xy2)
    i.tp_save_adjust_data                    0x08006e58   Section        0  touch.o(i.tp_save_adjust_data)
    i.tp_scan                                0x08006e74   Section        0  touch.o(i.tp_scan)
    tp_scan                                  0x08006e75   Thumb Code   198  touch.o(i.tp_scan)
    .constdata                               0x08006f48   Section       16  system_stm32f4xx.o(.constdata)
    .constdata                               0x08006f58   Section        8  system_stm32f4xx.o(.constdata)
    .constdata                               0x08006f60   Section        4  touch.o(.constdata)
    .constdata                               0x08006f64   Section       10  ft5206.o(.constdata)
    .constdata                               0x08006f6e   Section       20  gt9xxx.o(.constdata)
    .constdata                               0x08006f82   Section    12160  lcd.o(.constdata)
    .conststring                             0x08009f04   Section      121  touch.o(.conststring)
    .data                                    0x20000000   Section        4  main.o(.data)
    .data                                    0x20000004   Section        8  fsmc.o(.data)
    FSMC_Initialized                         0x20000004   Data           4  fsmc.o(.data)
    FSMC_DeInitialized                       0x20000008   Data           4  fsmc.o(.data)
    .data                                    0x2000000c   Section       12  stm32f4xx_hal.o(.data)
    .data                                    0x20000018   Section        4  system_stm32f4xx.o(.data)
    .data                                    0x2000001c   Section       72  touch.o(.data)
    .data                                    0x20000064   Section        1  ft5206.o(.data)
    t                                        0x20000064   Data           1  ft5206.o(.data)
    .data                                    0x20000065   Section        2  gt9xxx.o(.data)
    t                                        0x20000066   Data           1  gt9xxx.o(.data)
    .data                                    0x20000068   Section        4  lcd.o(.data)
    .data                                    0x2000006c   Section        4  stdout.o(.data)
    .bss                                     0x20000070   Section       80  fsmc.o(.bss)
    .bss                                     0x200000c0   Section       72  tim.o(.bss)
    .bss                                     0x20000108   Section       72  usart.o(.bss)
    .bss                                     0x20000150   Section       14  lcd.o(.bss)
    STACK                                    0x20000160   Section     1024  startup_stm32f407xx.o(STACK)

    Global Symbols

    Symbol Name                              Value     Ov Type        Size  Object(Section)

    BuildAttributes$$THM_ISAv4$E$P$D$K$B$S$7EM$VFPi3$EXTD16$VFPS$VFMA$PE$A:L22UL41UL21$X:L11$S22US41US21$IEEE1$IW$USESV6$~STKCKD$USESV7$~SHL$OSPACE$ROPI$EBA8$MICROLIB$REQ8$PRES8$EABIv2 0x00000000   Number         0  anon$$obj.o ABSOLUTE
    __ARM_use_no_argv                        0x00000000   Number         0  main.o ABSOLUTE
    _printf_a                                0x00000000   Number         0  stubs.o ABSOLUTE
    _printf_c                                0x00000000   Number         0  stubs.o ABSOLUTE
    _printf_charcount                        0x00000000   Number         0  stubs.o ABSOLUTE
    _printf_d                                0x00000000   Number         0  stubs.o ABSOLUTE
    _printf_e                                0x00000000   Number         0  stubs.o ABSOLUTE
    _printf_f                                0x00000000   Number         0  stubs.o ABSOLUTE
    _printf_flags                            0x00000000   Number         0  stubs.o ABSOLUTE
    _printf_fp_dec                           0x00000000   Number         0  stubs.o ABSOLUTE
    _printf_fp_hex                           0x00000000   Number         0  stubs.o ABSOLUTE
    _printf_g                                0x00000000   Number         0  stubs.o ABSOLUTE
    _printf_i                                0x00000000   Number         0  stubs.o ABSOLUTE
    _printf_int_dec                          0x00000000   Number         0  stubs.o ABSOLUTE
    _printf_l                                0x00000000   Number         0  stubs.o ABSOLUTE
    _printf_lc                               0x00000000   Number         0  stubs.o ABSOLUTE
    _printf_ll                               0x00000000   Number         0  stubs.o ABSOLUTE
    _printf_lld                              0x00000000   Number         0  stubs.o ABSOLUTE
    _printf_lli                              0x00000000   Number         0  stubs.o ABSOLUTE
    _printf_llo                              0x00000000   Number         0  stubs.o ABSOLUTE
    _printf_llu                              0x00000000   Number         0  stubs.o ABSOLUTE
    _printf_llx                              0x00000000   Number         0  stubs.o ABSOLUTE
    _printf_longlong_dec                     0x00000000   Number         0  stubs.o ABSOLUTE
    _printf_longlong_hex                     0x00000000   Number         0  stubs.o ABSOLUTE
    _printf_longlong_oct                     0x00000000   Number         0  stubs.o ABSOLUTE
    _printf_ls                               0x00000000   Number         0  stubs.o ABSOLUTE
    _printf_mbtowc                           0x00000000   Number         0  stubs.o ABSOLUTE
    _printf_n                                0x00000000   Number         0  stubs.o ABSOLUTE
    _printf_o                                0x00000000   Number         0  stubs.o ABSOLUTE
    _printf_p                                0x00000000   Number         0  stubs.o ABSOLUTE
    _printf_percent                          0x00000000   Number         0  stubs.o ABSOLUTE
    _printf_pre_padding                      0x00000000   Number         0  stubs.o ABSOLUTE
    _printf_return_value                     0x00000000   Number         0  stubs.o ABSOLUTE
    _printf_s                                0x00000000   Number         0  stubs.o ABSOLUTE
    _printf_sizespec                         0x00000000   Number         0  stubs.o ABSOLUTE
    _printf_str                              0x00000000   Number         0  stubs.o ABSOLUTE
    _printf_truncate_signed                  0x00000000   Number         0  stubs.o ABSOLUTE
    _printf_truncate_unsigned                0x00000000   Number         0  stubs.o ABSOLUTE
    _printf_u                                0x00000000   Number         0  stubs.o ABSOLUTE
    _printf_wc                               0x00000000   Number         0  stubs.o ABSOLUTE
    _printf_wctomb                           0x00000000   Number         0  stubs.o ABSOLUTE
    _printf_widthprec                        0x00000000   Number         0  stubs.o ABSOLUTE
    _printf_x                                0x00000000   Number         0  stubs.o ABSOLUTE
    __arm_fini_                               - Undefined Weak Reference
    __cpp_initialize__aeabi_                  - Undefined Weak Reference
    __cxa_finalize                            - Undefined Weak Reference
    __decompress                              - Undefined Weak Reference
    _clock_init                               - Undefined Weak Reference
    _microlib_exit                            - Undefined Weak Reference
    __Vectors_Size                           0x00000188   Number         0  startup_stm32f407xx.o ABSOLUTE
    __Vectors                                0x08000000   Data           4  startup_stm32f407xx.o(RESET)
    __Vectors_End                            0x08000188   Data           0  startup_stm32f407xx.o(RESET)
    __main                                   0x08000189   Thumb Code     0  entry.o(.ARM.Collect$$$$00000000)
    _main_stk                                0x08000189   Thumb Code     0  entry2.o(.ARM.Collect$$$$00000001)
    _main_scatterload                        0x0800018d   Thumb Code     0  entry5.o(.ARM.Collect$$$$00000004)
    __main_after_scatterload                 0x08000191   Thumb Code     0  entry5.o(.ARM.Collect$$$$00000004)
    _main_clock                              0x08000191   Thumb Code     0  entry7b.o(.ARM.Collect$$$$00000008)
    _main_cpp_init                           0x08000191   Thumb Code     0  entry8b.o(.ARM.Collect$$$$0000000A)
    _main_init                               0x08000191   Thumb Code     0  entry9a.o(.ARM.Collect$$$$0000000B)
    __rt_lib_shutdown_fini                   0x08000199   Thumb Code     0  entry12b.o(.ARM.Collect$$$$0000000E)
    __rt_final_cpp                           0x0800019d   Thumb Code     0  entry10a.o(.ARM.Collect$$$$0000000F)
    __rt_final_exit                          0x0800019d   Thumb Code     0  entry11a.o(.ARM.Collect$$$$00000011)
    Reset_Handler                            0x080001a1   Thumb Code     8  startup_stm32f407xx.o(.text)
    ADC_IRQHandler                           0x080001bb   Thumb Code     0  startup_stm32f407xx.o(.text)
    CAN1_RX0_IRQHandler                      0x080001bb   Thumb Code     0  startup_stm32f407xx.o(.text)
    CAN1_RX1_IRQHandler                      0x080001bb   Thumb Code     0  startup_stm32f407xx.o(.text)
    CAN1_SCE_IRQHandler                      0x080001bb   Thumb Code     0  startup_stm32f407xx.o(.text)
    CAN1_TX_IRQHandler                       0x080001bb   Thumb Code     0  startup_stm32f407xx.o(.text)
    CAN2_RX0_IRQHandler                      0x080001bb   Thumb Code     0  startup_stm32f407xx.o(.text)
    CAN2_RX1_IRQHandler                      0x080001bb   Thumb Code     0  startup_stm32f407xx.o(.text)
    CAN2_SCE_IRQHandler                      0x080001bb   Thumb Code     0  startup_stm32f407xx.o(.text)
    CAN2_TX_IRQHandler                       0x080001bb   Thumb Code     0  startup_stm32f407xx.o(.text)
    DCMI_IRQHandler                          0x080001bb   Thumb Code     0  startup_stm32f407xx.o(.text)
    DMA1_Stream0_IRQHandler                  0x080001bb   Thumb Code     0  startup_stm32f407xx.o(.text)
    DMA1_Stream1_IRQHandler                  0x080001bb   Thumb Code     0  startup_stm32f407xx.o(.text)
    DMA1_Stream2_IRQHandler                  0x080001bb   Thumb Code     0  startup_stm32f407xx.o(.text)
    DMA1_Stream3_IRQHandler                  0x080001bb   Thumb Code     0  startup_stm32f407xx.o(.text)
    DMA1_Stream4_IRQHandler                  0x080001bb   Thumb Code     0  startup_stm32f407xx.o(.text)
    DMA1_Stream5_IRQHandler                  0x080001bb   Thumb Code     0  startup_stm32f407xx.o(.text)
    DMA1_Stream6_IRQHandler                  0x080001bb   Thumb Code     0  startup_stm32f407xx.o(.text)
    DMA1_Stream7_IRQHandler                  0x080001bb   Thumb Code     0  startup_stm32f407xx.o(.text)
    DMA2_Stream0_IRQHandler                  0x080001bb   Thumb Code     0  startup_stm32f407xx.o(.text)
    DMA2_Stream1_IRQHandler                  0x080001bb   Thumb Code     0  startup_stm32f407xx.o(.text)
    DMA2_Stream2_IRQHandler                  0x080001bb   Thumb Code     0  startup_stm32f407xx.o(.text)
    DMA2_Stream3_IRQHandler                  0x080001bb   Thumb Code     0  startup_stm32f407xx.o(.text)
    DMA2_Stream4_IRQHandler                  0x080001bb   Thumb Code     0  startup_stm32f407xx.o(.text)
    DMA2_Stream5_IRQHandler                  0x080001bb   Thumb Code     0  startup_stm32f407xx.o(.text)
    DMA2_Stream6_IRQHandler                  0x080001bb   Thumb Code     0  startup_stm32f407xx.o(.text)
    DMA2_Stream7_IRQHandler                  0x080001bb   Thumb Code     0  startup_stm32f407xx.o(.text)
    ETH_IRQHandler                           0x080001bb   Thumb Code     0  startup_stm32f407xx.o(.text)
    ETH_WKUP_IRQHandler                      0x080001bb   Thumb Code     0  startup_stm32f407xx.o(.text)
    EXTI0_IRQHandler                         0x080001bb   Thumb Code     0  startup_stm32f407xx.o(.text)
    EXTI15_10_IRQHandler                     0x080001bb   Thumb Code     0  startup_stm32f407xx.o(.text)
    EXTI1_IRQHandler                         0x080001bb   Thumb Code     0  startup_stm32f407xx.o(.text)
    EXTI2_IRQHandler                         0x080001bb   Thumb Code     0  startup_stm32f407xx.o(.text)
    EXTI3_IRQHandler                         0x080001bb   Thumb Code     0  startup_stm32f407xx.o(.text)
    EXTI4_IRQHandler                         0x080001bb   Thumb Code     0  startup_stm32f407xx.o(.text)
    EXTI9_5_IRQHandler                       0x080001bb   Thumb Code     0  startup_stm32f407xx.o(.text)
    FLASH_IRQHandler                         0x080001bb   Thumb Code     0  startup_stm32f407xx.o(.text)
    FMC_IRQHandler                           0x080001bb   Thumb Code     0  startup_stm32f407xx.o(.text)
    FPU_IRQHandler                           0x080001bb   Thumb Code     0  startup_stm32f407xx.o(.text)
    HASH_RNG_IRQHandler                      0x080001bb   Thumb Code     0  startup_stm32f407xx.o(.text)
    I2C1_ER_IRQHandler                       0x080001bb   Thumb Code     0  startup_stm32f407xx.o(.text)
    I2C1_EV_IRQHandler                       0x080001bb   Thumb Code     0  startup_stm32f407xx.o(.text)
    I2C2_ER_IRQHandler                       0x080001bb   Thumb Code     0  startup_stm32f407xx.o(.text)
    I2C2_EV_IRQHandler                       0x080001bb   Thumb Code     0  startup_stm32f407xx.o(.text)
    I2C3_ER_IRQHandler                       0x080001bb   Thumb Code     0  startup_stm32f407xx.o(.text)
    I2C3_EV_IRQHandler                       0x080001bb   Thumb Code     0  startup_stm32f407xx.o(.text)
    OTG_FS_IRQHandler                        0x080001bb   Thumb Code     0  startup_stm32f407xx.o(.text)
    OTG_FS_WKUP_IRQHandler                   0x080001bb   Thumb Code     0  startup_stm32f407xx.o(.text)
    OTG_HS_EP1_IN_IRQHandler                 0x080001bb   Thumb Code     0  startup_stm32f407xx.o(.text)
    OTG_HS_EP1_OUT_IRQHandler                0x080001bb   Thumb Code     0  startup_stm32f407xx.o(.text)
    OTG_HS_IRQHandler                        0x080001bb   Thumb Code     0  startup_stm32f407xx.o(.text)
    OTG_HS_WKUP_IRQHandler                   0x080001bb   Thumb Code     0  startup_stm32f407xx.o(.text)
    PVD_IRQHandler                           0x080001bb   Thumb Code     0  startup_stm32f407xx.o(.text)
    RCC_IRQHandler                           0x080001bb   Thumb Code     0  startup_stm32f407xx.o(.text)
    RTC_Alarm_IRQHandler                     0x080001bb   Thumb Code     0  startup_stm32f407xx.o(.text)
    RTC_WKUP_IRQHandler                      0x080001bb   Thumb Code     0  startup_stm32f407xx.o(.text)
    SDIO_IRQHandler                          0x080001bb   Thumb Code     0  startup_stm32f407xx.o(.text)
    SPI1_IRQHandler                          0x080001bb   Thumb Code     0  startup_stm32f407xx.o(.text)
    SPI2_IRQHandler                          0x080001bb   Thumb Code     0  startup_stm32f407xx.o(.text)
    SPI3_IRQHandler                          0x080001bb   Thumb Code     0  startup_stm32f407xx.o(.text)
    TAMP_STAMP_IRQHandler                    0x080001bb   Thumb Code     0  startup_stm32f407xx.o(.text)
    TIM1_BRK_TIM9_IRQHandler                 0x080001bb   Thumb Code     0  startup_stm32f407xx.o(.text)
    TIM1_CC_IRQHandler                       0x080001bb   Thumb Code     0  startup_stm32f407xx.o(.text)
    TIM1_TRG_COM_TIM11_IRQHandler            0x080001bb   Thumb Code     0  startup_stm32f407xx.o(.text)
    TIM1_UP_TIM10_IRQHandler                 0x080001bb   Thumb Code     0  startup_stm32f407xx.o(.text)
    TIM2_IRQHandler                          0x080001bb   Thumb Code     0  startup_stm32f407xx.o(.text)
    TIM3_IRQHandler                          0x080001bb   Thumb Code     0  startup_stm32f407xx.o(.text)
    TIM4_IRQHandler                          0x080001bb   Thumb Code     0  startup_stm32f407xx.o(.text)
    TIM5_IRQHandler                          0x080001bb   Thumb Code     0  startup_stm32f407xx.o(.text)
    TIM7_IRQHandler                          0x080001bb   Thumb Code     0  startup_stm32f407xx.o(.text)
    TIM8_BRK_TIM12_IRQHandler                0x080001bb   Thumb Code     0  startup_stm32f407xx.o(.text)
    TIM8_CC_IRQHandler                       0x080001bb   Thumb Code     0  startup_stm32f407xx.o(.text)
    TIM8_TRG_COM_TIM14_IRQHandler            0x080001bb   Thumb Code     0  startup_stm32f407xx.o(.text)
    TIM8_UP_TIM13_IRQHandler                 0x080001bb   Thumb Code     0  startup_stm32f407xx.o(.text)
    UART4_IRQHandler                         0x080001bb   Thumb Code     0  startup_stm32f407xx.o(.text)
    UART5_IRQHandler                         0x080001bb   Thumb Code     0  startup_stm32f407xx.o(.text)
    USART1_IRQHandler                        0x080001bb   Thumb Code     0  startup_stm32f407xx.o(.text)
    USART2_IRQHandler                        0x080001bb   Thumb Code     0  startup_stm32f407xx.o(.text)
    USART3_IRQHandler                        0x080001bb   Thumb Code     0  startup_stm32f407xx.o(.text)
    USART6_IRQHandler                        0x080001bb   Thumb Code     0  startup_stm32f407xx.o(.text)
    WWDG_IRQHandler                          0x080001bb   Thumb Code     0  startup_stm32f407xx.o(.text)
    __aeabi_uldivmod                         0x080001c5   Thumb Code    98  uldiv.o(.text)
    __aeabi_memset                           0x08000227   Thumb Code    14  memseta.o(.text)
    __aeabi_memset4                          0x08000227   Thumb Code     0  memseta.o(.text)
    __aeabi_memset8                          0x08000227   Thumb Code     0  memseta.o(.text)
    __aeabi_memclr                           0x08000235   Thumb Code     4  memseta.o(.text)
    __aeabi_memclr4                          0x08000235   Thumb Code     0  memseta.o(.text)
    __aeabi_memclr8                          0x08000235   Thumb Code     0  memseta.o(.text)
    _memset$wrapper                          0x08000239   Thumb Code    18  memseta.o(.text)
    strcmp                                   0x0800024b   Thumb Code    28  strcmp.o(.text)
    __aeabi_dmul                             0x08000267   Thumb Code   228  dmul.o(.text)
    __aeabi_ddiv                             0x0800034b   Thumb Code   222  ddiv.o(.text)
    __aeabi_i2d                              0x08000429   Thumb Code    34  dflti.o(.text)
    __aeabi_ui2d                             0x0800044b   Thumb Code    26  dfltui.o(.text)
    __aeabi_d2uiz                            0x08000465   Thumb Code    50  dfixui.o(.text)
    __aeabi_cdcmpeq                          0x08000499   Thumb Code     0  cdcmple.o(.text)
    __aeabi_cdcmple                          0x08000499   Thumb Code    48  cdcmple.o(.text)
    __aeabi_cdrcmple                         0x080004c9   Thumb Code    48  cdrcmple.o(.text)
    __aeabi_uidiv                            0x080004f9   Thumb Code     0  uidiv.o(.text)
    __aeabi_uidivmod                         0x080004f9   Thumb Code    44  uidiv.o(.text)
    __aeabi_llsl                             0x08000525   Thumb Code    30  llshl.o(.text)
    _ll_shift_l                              0x08000525   Thumb Code     0  llshl.o(.text)
    __aeabi_llsr                             0x08000543   Thumb Code    32  llushr.o(.text)
    _ll_ushift_r                             0x08000543   Thumb Code     0  llushr.o(.text)
    __I$use$fp                               0x08000563   Thumb Code     0  iusefp.o(.text)
    _double_round                            0x08000563   Thumb Code    30  depilogue.o(.text)
    _double_epilogue                         0x08000581   Thumb Code   156  depilogue.o(.text)
    __aeabi_dadd                             0x0800061d   Thumb Code   322  dadd.o(.text)
    __aeabi_dsub                             0x0800075f   Thumb Code     6  dadd.o(.text)
    __aeabi_drsub                            0x08000765   Thumb Code     6  dadd.o(.text)
    __aeabi_d2ulz                            0x0800076b   Thumb Code    48  dfixul.o(.text)
    __scatterload                            0x0800079d   Thumb Code    28  init.o(.text)
    __scatterload_rt2                        0x0800079d   Thumb Code     0  init.o(.text)
    __aeabi_lasr                             0x080007c1   Thumb Code    36  llsshr.o(.text)
    _ll_sshift_r                             0x080007c1   Thumb Code     0  llsshr.o(.text)
    BusFault_Handler                         0x080007e5   Thumb Code     2  stm32f4xx_it.o(i.BusFault_Handler)
    DWT_Init                                 0x080007e9   Thumb Code    32  delay.o(i.DWT_Init)
    DebugMon_Handler                         0x08000811   Thumb Code     2  stm32f4xx_it.o(i.DebugMon_Handler)
    Error_Handler                            0x08000813   Thumb Code     4  main.o(i.Error_Handler)
    FSMC_NORSRAM_Extended_Timing_Init        0x08000819   Thumb Code    56  stm32f4xx_ll_fsmc.o(i.FSMC_NORSRAM_Extended_Timing_Init)
    FSMC_NORSRAM_Init                        0x08000855   Thumb Code    98  stm32f4xx_ll_fsmc.o(i.FSMC_NORSRAM_Init)
    FSMC_NORSRAM_Timing_Init                 0x080008bd   Thumb Code    56  stm32f4xx_ll_fsmc.o(i.FSMC_NORSRAM_Timing_Init)
    HAL_Delay                                0x080008f9   Thumb Code    32  stm32f4xx_hal.o(i.HAL_Delay)
    HAL_GPIO_Init                            0x08000991   Thumb Code   450  stm32f4xx_hal_gpio.o(i.HAL_GPIO_Init)
    HAL_GPIO_ReadPin                         0x08000b81   Thumb Code    10  stm32f4xx_hal_gpio.o(i.HAL_GPIO_ReadPin)
    HAL_GPIO_WritePin                        0x08000b8b   Thumb Code    10  stm32f4xx_hal_gpio.o(i.HAL_GPIO_WritePin)
    HAL_GetTick                              0x08000b95   Thumb Code     6  stm32f4xx_hal.o(i.HAL_GetTick)
    HAL_IncTick                              0x08000ba1   Thumb Code    12  stm32f4xx_hal.o(i.HAL_IncTick)
    HAL_Init                                 0x08000bb1   Thumb Code    48  stm32f4xx_hal.o(i.HAL_Init)
    HAL_InitTick                             0x08000be5   Thumb Code    54  stm32f4xx_hal.o(i.HAL_InitTick)
    HAL_MspInit                              0x08000c25   Thumb Code    42  stm32f4xx_hal_msp.o(i.HAL_MspInit)
    HAL_NVIC_EnableIRQ                       0x08000c55   Thumb Code    26  stm32f4xx_hal_cortex.o(i.HAL_NVIC_EnableIRQ)
    HAL_NVIC_SetPriority                     0x08000c71   Thumb Code    60  stm32f4xx_hal_cortex.o(i.HAL_NVIC_SetPriority)
    HAL_NVIC_SetPriorityGrouping             0x08000cb1   Thumb Code    26  stm32f4xx_hal_cortex.o(i.HAL_NVIC_SetPriorityGrouping)
    HAL_RCC_ClockConfig                      0x08000cd5   Thumb Code   288  stm32f4xx_hal_rcc.o(i.HAL_RCC_ClockConfig)
    HAL_RCC_GetPCLK1Freq                     0x08000e09   Thumb Code    20  stm32f4xx_hal_rcc.o(i.HAL_RCC_GetPCLK1Freq)
    HAL_RCC_GetPCLK2Freq                     0x08000e29   Thumb Code    20  stm32f4xx_hal_rcc.o(i.HAL_RCC_GetPCLK2Freq)
    HAL_RCC_GetSysClockFreq                  0x08000e49   Thumb Code    88  stm32f4xx_hal_rcc.o(i.HAL_RCC_GetSysClockFreq)
    HAL_RCC_OscConfig                        0x08000ea9   Thumb Code   856  stm32f4xx_hal_rcc.o(i.HAL_RCC_OscConfig)
    HAL_SRAM_Init                            0x08001215   Thumb Code    92  stm32f4xx_hal_sram.o(i.HAL_SRAM_Init)
    HAL_SRAM_MspInit                         0x08001271   Thumb Code     4  fsmc.o(i.HAL_SRAM_MspInit)
    HAL_SYSTICK_Config                       0x08001275   Thumb Code    40  stm32f4xx_hal_cortex.o(i.HAL_SYSTICK_Config)
    HAL_TIMEx_BreakCallback                  0x0800129d   Thumb Code     2  stm32f4xx_hal_tim_ex.o(i.HAL_TIMEx_BreakCallback)
    HAL_TIMEx_CommutCallback                 0x0800129f   Thumb Code     2  stm32f4xx_hal_tim_ex.o(i.HAL_TIMEx_CommutCallback)
    HAL_TIMEx_MasterConfigSynchronization    0x080012a1   Thumb Code   116  stm32f4xx_hal_tim_ex.o(i.HAL_TIMEx_MasterConfigSynchronization)
    HAL_TIM_Base_Init                        0x08001331   Thumb Code    90  stm32f4xx_hal_tim.o(i.HAL_TIM_Base_Init)
    HAL_TIM_Base_MspInit                     0x0800138d   Thumb Code    50  tim.o(i.HAL_TIM_Base_MspInit)
    HAL_TIM_Base_Start_IT                    0x080013c9   Thumb Code   100  stm32f4xx_hal_tim.o(i.HAL_TIM_Base_Start_IT)
    HAL_TIM_IC_CaptureCallback               0x08001449   Thumb Code     2  stm32f4xx_hal_tim.o(i.HAL_TIM_IC_CaptureCallback)
    HAL_TIM_IRQHandler                       0x0800144b   Thumb Code   304  stm32f4xx_hal_tim.o(i.HAL_TIM_IRQHandler)
    HAL_TIM_OC_DelayElapsedCallback          0x0800157b   Thumb Code     2  stm32f4xx_hal_tim.o(i.HAL_TIM_OC_DelayElapsedCallback)
    HAL_TIM_PWM_PulseFinishedCallback        0x0800157d   Thumb Code     2  stm32f4xx_hal_tim.o(i.HAL_TIM_PWM_PulseFinishedCallback)
    HAL_TIM_PeriodElapsedCallback            0x0800157f   Thumb Code     2  stm32f4xx_hal_tim.o(i.HAL_TIM_PeriodElapsedCallback)
    HAL_TIM_TriggerCallback                  0x08001581   Thumb Code     2  stm32f4xx_hal_tim.o(i.HAL_TIM_TriggerCallback)
    HAL_UART_Init                            0x08001583   Thumb Code   100  stm32f4xx_hal_uart.o(i.HAL_UART_Init)
    HAL_UART_MspInit                         0x080015e9   Thumb Code    94  usart.o(i.HAL_UART_MspInit)
    HAL_UART_Transmit                        0x08001655   Thumb Code   160  stm32f4xx_hal_uart.o(i.HAL_UART_Transmit)
    HardFault_Handler                        0x080016f5   Thumb Code     2  stm32f4xx_it.o(i.HardFault_Handler)
    MX_FSMC_Init                             0x080016f9   Thumb Code   126  fsmc.o(i.MX_FSMC_Init)
    MX_GPIO_Init                             0x08001781   Thumb Code   162  gpio.o(i.MX_GPIO_Init)
    MX_TIM6_Init                             0x08001831   Thumb Code    64  tim.o(i.MX_TIM6_Init)
    MX_USART1_UART_Init                      0x08001879   Thumb Code    48  usart.o(i.MX_USART1_UART_Init)
    MemManage_Handler                        0x080018b1   Thumb Code     2  stm32f4xx_it.o(i.MemManage_Handler)
    NMI_Handler                              0x080018b3   Thumb Code     2  stm32f4xx_it.o(i.NMI_Handler)
    PendSV_Handler                           0x080018b5   Thumb Code     2  stm32f4xx_it.o(i.PendSV_Handler)
    SVC_Handler                              0x080018b7   Thumb Code     2  stm32f4xx_it.o(i.SVC_Handler)
    SysTick_Handler                          0x080018b9   Thumb Code     4  stm32f4xx_it.o(i.SysTick_Handler)
    SystemClock_Config                       0x080018bd   Thumb Code   140  main.o(i.SystemClock_Config)
    SystemInit                               0x08001951   Thumb Code    12  system_stm32f4xx.o(i.SystemInit)
    TIM6_DAC_IRQHandler                      0x08001961   Thumb Code    18  stm32f4xx_it.o(i.TIM6_DAC_IRQHandler)
    TIM_Base_SetConfig                       0x0800197d   Thumb Code   164  stm32f4xx_hal_tim.o(i.TIM_Base_SetConfig)
    UsageFault_Handler                       0x08001c1b   Thumb Code     2  stm32f4xx_it.o(i.UsageFault_Handler)
    __0printf                                0x08001c1d   Thumb Code    22  printfa.o(i.__0printf)
    __1printf                                0x08001c1d   Thumb Code     0  printfa.o(i.__0printf)
    __2printf                                0x08001c1d   Thumb Code     0  printfa.o(i.__0printf)
    __c89printf                              0x08001c1d   Thumb Code     0  printfa.o(i.__0printf)
    printf                                   0x08001c1d   Thumb Code     0  printfa.o(i.__0printf)
    __0sprintf                               0x08001c3d   Thumb Code    34  printfa.o(i.__0sprintf)
    __1sprintf                               0x08001c3d   Thumb Code     0  printfa.o(i.__0sprintf)
    __2sprintf                               0x08001c3d   Thumb Code     0  printfa.o(i.__0sprintf)
    __c89sprintf                             0x08001c3d   Thumb Code     0  printfa.o(i.__0sprintf)
    sprintf                                  0x08001c3d   Thumb Code     0  printfa.o(i.__0sprintf)
    __scatterload_copy                       0x08001c85   Thumb Code    14  handlers.o(i.__scatterload_copy)
    __scatterload_null                       0x08001c93   Thumb Code     2  handlers.o(i.__scatterload_null)
    __scatterload_zeroinit                   0x08001c95   Thumb Code    14  handlers.o(i.__scatterload_zeroinit)
    at24cxx_init                             0x08002539   Thumb Code     4  24cxx.o(i.at24cxx_init)
    at24cxx_read                             0x0800253d   Thumb Code    32  24cxx.o(i.at24cxx_read)
    at24cxx_read_one_byte                    0x0800255d   Thumb Code    66  24cxx.o(i.at24cxx_read_one_byte)
    at24cxx_write                            0x080025a1   Thumb Code    34  24cxx.o(i.at24cxx_write)
    at24cxx_write_one_byte                   0x080025c3   Thumb Code    62  24cxx.o(i.at24cxx_write_one_byte)
    ct_iic_ack                               0x08002601   Thumb Code    78  ctiic.o(i.ct_iic_ack)
    ct_iic_init                              0x08002659   Thumb Code    82  ctiic.o(i.ct_iic_init)
    ct_iic_nack                              0x080026b9   Thumb Code    56  ctiic.o(i.ct_iic_nack)
    ct_iic_read_byte                         0x080026f9   Thumb Code    96  ctiic.o(i.ct_iic_read_byte)
    ct_iic_send_byte                         0x08002761   Thumb Code    94  ctiic.o(i.ct_iic_send_byte)
    ct_iic_start                             0x080027c9   Thumb Code    70  ctiic.o(i.ct_iic_start)
    ct_iic_stop                              0x08002819   Thumb Code    60  ctiic.o(i.ct_iic_stop)
    ct_iic_wait_ack                          0x0800285d   Thumb Code   100  ctiic.o(i.ct_iic_wait_ack)
    delay_ms                                 0x080028c9   Thumb Code    10  delay.o(i.delay_ms)
    delay_us                                 0x080028d5   Thumb Code    32  delay.o(i.delay_us)
    fputc                                    0x08002901   Thumb Code    20  usart.o(i.fputc)
    ft5206_init                              0x08002919   Thumb Code   246  ft5206.o(i.ft5206_init)
    ft5206_rd_reg                            0x08002a29   Thumb Code    86  ft5206.o(i.ft5206_rd_reg)
    ft5206_scan                              0x08002a81   Thumb Code   310  ft5206.o(i.ft5206_scan)
    ft5206_wr_reg                            0x08002bc9   Thumb Code    72  ft5206.o(i.ft5206_wr_reg)
    gt9xxx_init                              0x08002c11   Thumb Code   278  gt9xxx.o(i.gt9xxx_init)
    gt9xxx_rd_reg                            0x08002d61   Thumb Code    96  gt9xxx.o(i.gt9xxx_rd_reg)
    gt9xxx_scan                              0x08002dc1   Thumb Code   468  gt9xxx.o(i.gt9xxx_scan)
    gt9xxx_wr_reg                            0x08002fa5   Thumb Code    82  gt9xxx.o(i.gt9xxx_wr_reg)
    iic_ack                                  0x08002ff9   Thumb Code    78  myiic.o(i.iic_ack)
    iic_init                                 0x0800304d   Thumb Code   100  myiic.o(i.iic_init)
    iic_nack                                 0x080030b9   Thumb Code    58  myiic.o(i.iic_nack)
    iic_read_byte                            0x080030f9   Thumb Code   100  myiic.o(i.iic_read_byte)
    iic_send_byte                            0x08003161   Thumb Code    92  myiic.o(i.iic_send_byte)
    iic_start                                0x080031c1   Thumb Code    70  myiic.o(i.iic_start)
    iic_stop                                 0x0800320d   Thumb Code    60  myiic.o(i.iic_stop)
    iic_wait_ack                             0x0800324d   Thumb Code   100  myiic.o(i.iic_wait_ack)
    key_init                                 0x080032b5   Thumb Code    86  key.o(i.key_init)
    lcd_clear                                0x08003319   Thumb Code    40  lcd.o(i.lcd_clear)
    lcd_display_dir                          0x08003349   Thumb Code   230  lcd.o(i.lcd_display_dir)
    lcd_draw_circle                          0x08003435   Thumb Code   196  lcd.o(i.lcd_draw_circle)
    lcd_draw_line                            0x080034f9   Thumb Code   156  lcd.o(i.lcd_draw_line)
    lcd_draw_point                           0x08003595   Thumb Code    18  lcd.o(i.lcd_draw_point)
    lcd_ex_ili9341_reginit                   0x080035ad   Thumb Code   558  lcd.o(i.lcd_ex_ili9341_reginit)
    lcd_ex_ili9806_reginit                   0x080037db   Thumb Code   834  lcd.o(i.lcd_ex_ili9806_reginit)
    lcd_ex_nt35310_reginit                   0x08003b1d   Thumb Code  3828  lcd.o(i.lcd_ex_nt35310_reginit)
    lcd_ex_nt35510_reginit                   0x08004a11   Thumb Code  3834  lcd.o(i.lcd_ex_nt35510_reginit)
    lcd_ex_ssd1963_reginit                   0x0800590b   Thumb Code   368  lcd.o(i.lcd_ex_ssd1963_reginit)
    lcd_ex_st7789_reginit                    0x08005a7b   Thumb Code   426  lcd.o(i.lcd_ex_st7789_reginit)
    lcd_ex_st7796_reginit                    0x08005c25   Thumb Code   450  lcd.o(i.lcd_ex_st7796_reginit)
    lcd_fill                                 0x08005de9   Thumb Code    68  lcd.o(i.lcd_fill)
    lcd_init                                 0x08005e31   Thumb Code   524  lcd.o(i.lcd_init)
    lcd_scan_dir                             0x08006061   Thumb Code   384  lcd.o(i.lcd_scan_dir)
    lcd_set_cursor                           0x080061e5   Thumb Code   238  lcd.o(i.lcd_set_cursor)
    lcd_show_char                            0x080062d9   Thumb Code   196  lcd.o(i.lcd_show_char)
    lcd_show_string                          0x080063b5   Thumb Code    86  lcd.o(i.lcd_show_string)
    lcd_ssd_backlight_set                    0x0800640d   Thumb Code    72  lcd.o(i.lcd_ssd_backlight_set)
    lcd_wr_data                              0x0800645d   Thumb Code    20  lcd.o(i.lcd_wr_data)
    lcd_wr_regno                             0x08006475   Thumb Code    20  lcd.o(i.lcd_wr_regno)
    lcd_write_ram_prepare                    0x0800648d   Thumb Code    10  lcd.o(i.lcd_write_ram_prepare)
    lcd_write_reg                            0x080064a1   Thumb Code    10  lcd.o(i.lcd_write_reg)
    main                                     0x080064b1   Thumb Code   148  main.o(i.main)
    tp_adjust                                0x0800658d   Thumb Code   800  touch.o(i.tp_adjust)
    tp_get_adjust_data                       0x08006a95   Thumb Code    30  touch.o(i.tp_get_adjust_data)
    tp_init                                  0x08006ab9   Thumb Code   374  touch.o(i.tp_init)
    tp_save_adjust_data                      0x08006e59   Thumb Code    24  touch.o(i.tp_save_adjust_data)
    AHBPrescTable                            0x08006f48   Data          16  system_stm32f4xx.o(.constdata)
    APBPrescTable                            0x08006f58   Data           8  system_stm32f4xx.o(.constdata)
    TP_REMIND_MSG_TBL                        0x08006f60   Data           4  touch.o(.constdata)
    FT5206_TPX_TBL                           0x08006f64   Data          10  ft5206.o(.constdata)
    GT9XXX_TPX_TBL                           0x08006f6e   Data          20  gt9xxx.o(.constdata)
    asc2_1206                                0x08006f82   Data        1140  lcd.o(.constdata)
    asc2_1608                                0x080073f6   Data        1520  lcd.o(.constdata)
    asc2_2412                                0x080079e6   Data        3420  lcd.o(.constdata)
    asc2_3216                                0x08008742   Data        6080  lcd.o(.constdata)
    Region$$Table$$Base                      0x08009f80   Number         0  anon$$obj.o(Region$$Table)
    Region$$Table$$Limit                     0x08009fa0   Number         0  anon$$obj.o(Region$$Table)
    timer_cnt                                0x20000000   Data           4  main.o(.data)
    uwTickFreq                               0x2000000c   Data           1  stm32f4xx_hal.o(.data)
    uwTickPrio                               0x20000010   Data           4  stm32f4xx_hal.o(.data)
    uwTick                                   0x20000014   Data           4  stm32f4xx_hal.o(.data)
    SystemCoreClock                          0x20000018   Data           4  system_stm32f4xx.o(.data)
    tp_dev                                   0x2000001c   Data          72  touch.o(.data)
    g_gt_tnum                                0x20000065   Data           1  gt9xxx.o(.data)
    g_back_color                             0x20000068   Data           4  lcd.o(.data)
    __stdout                                 0x2000006c   Data           4  stdout.o(.data)
    hsram1                                   0x20000070   Data          80  fsmc.o(.bss)
    htim6                                    0x200000c0   Data          72  tim.o(.bss)
    huart1                                   0x20000108   Data          72  usart.o(.bss)
    lcddev                                   0x20000150   Data          14  lcd.o(.bss)
    __initial_sp                             0x20000560   Data           0  startup_stm32f407xx.o(STACK)



==============================================================================

Memory Map of the image

  Image Entry point : 0x08000189

  Load Region LR_IROM1 (Base: 0x08000000, Size: 0x0000a010, Max: 0x00080000, ABSOLUTE)

    Execution Region ER_IROM1 (Exec base: 0x08000000, Load base: 0x08000000, Size: 0x00009fa0, Max: 0x00080000, ABSOLUTE)

    Exec Addr    Load Addr    Size         Type   Attr      Idx    E Section Name        Object

    0x08000000   0x08000000   0x00000188   Data   RO            3    RESET               startup_stm32f407xx.o
    0x08000188   0x08000188   0x00000000   Code   RO         4091  * .ARM.Collect$$$$00000000  mc_w.l(entry.o)
    0x08000188   0x08000188   0x00000004   Code   RO         4377    .ARM.Collect$$$$00000001  mc_w.l(entry2.o)
    0x0800018c   0x0800018c   0x00000004   Code   RO         4380    .ARM.Collect$$$$00000004  mc_w.l(entry5.o)
    0x08000190   0x08000190   0x00000000   Code   RO         4382    .ARM.Collect$$$$00000008  mc_w.l(entry7b.o)
    0x08000190   0x08000190   0x00000000   Code   RO         4384    .ARM.Collect$$$$0000000A  mc_w.l(entry8b.o)
    0x08000190   0x08000190   0x00000008   Code   RO         4385    .ARM.Collect$$$$0000000B  mc_w.l(entry9a.o)
    0x08000198   0x08000198   0x00000004   Code   RO         4392    .ARM.Collect$$$$0000000E  mc_w.l(entry12b.o)
    0x0800019c   0x0800019c   0x00000000   Code   RO         4387    .ARM.Collect$$$$0000000F  mc_w.l(entry10a.o)
    0x0800019c   0x0800019c   0x00000000   Code   RO         4389    .ARM.Collect$$$$00000011  mc_w.l(entry11a.o)
    0x0800019c   0x0800019c   0x00000004   Code   RO         4378    .ARM.Collect$$$$00002712  mc_w.l(entry2.o)
    0x080001a0   0x080001a0   0x00000024   Code   RO            4    .text               startup_stm32f407xx.o
    0x080001c4   0x080001c4   0x00000062   Code   RO         4094    .text               mc_w.l(uldiv.o)
    0x08000226   0x08000226   0x00000024   Code   RO         4096    .text               mc_w.l(memseta.o)
    0x0800024a   0x0800024a   0x0000001c   Code   RO         4098    .text               mc_w.l(strcmp.o)
    0x08000266   0x08000266   0x000000e4   Code   RO         4361    .text               mf_w.l(dmul.o)
    0x0800034a   0x0800034a   0x000000de   Code   RO         4363    .text               mf_w.l(ddiv.o)
    0x08000428   0x08000428   0x00000022   Code   RO         4367    .text               mf_w.l(dflti.o)
    0x0800044a   0x0800044a   0x0000001a   Code   RO         4369    .text               mf_w.l(dfltui.o)
    0x08000464   0x08000464   0x00000032   Code   RO         4371    .text               mf_w.l(dfixui.o)
    0x08000496   0x08000496   0x00000002   PAD
    0x08000498   0x08000498   0x00000030   Code   RO         4373    .text               mf_w.l(cdcmple.o)
    0x080004c8   0x080004c8   0x00000030   Code   RO         4375    .text               mf_w.l(cdrcmple.o)
    0x080004f8   0x080004f8   0x0000002c   Code   RO         4394    .text               mc_w.l(uidiv.o)
    0x08000524   0x08000524   0x0000001e   Code   RO         4396    .text               mc_w.l(llshl.o)
    0x08000542   0x08000542   0x00000020   Code   RO         4398    .text               mc_w.l(llushr.o)
    0x08000562   0x08000562   0x00000000   Code   RO         4400    .text               mc_w.l(iusefp.o)
    0x08000562   0x08000562   0x000000ba   Code   RO         4401    .text               mf_w.l(depilogue.o)
    0x0800061c   0x0800061c   0x0000014e   Code   RO         4403    .text               mf_w.l(dadd.o)
    0x0800076a   0x0800076a   0x00000030   Code   RO         4405    .text               mf_w.l(dfixul.o)
    0x0800079a   0x0800079a   0x00000002   PAD
    0x0800079c   0x0800079c   0x00000024   Code   RO         4407    .text               mc_w.l(init.o)
    0x080007c0   0x080007c0   0x00000024   Code   RO         4409    .text               mc_w.l(llsshr.o)
    0x080007e4   0x080007e4   0x00000002   Code   RO          373    i.BusFault_Handler  stm32f4xx_it.o
    0x080007e6   0x080007e6   0x00000002   PAD
    0x080007e8   0x080007e8   0x00000028   Code   RO         3767    i.DWT_Init          delay.o
    0x08000810   0x08000810   0x00000002   Code   RO          374    i.DebugMon_Handler  stm32f4xx_it.o
    0x08000812   0x08000812   0x00000004   Code   RO           13    i.Error_Handler     main.o
    0x08000816   0x08000816   0x00000002   PAD
    0x08000818   0x08000818   0x0000003c   Code   RO          487    i.FSMC_NORSRAM_Extended_Timing_Init  stm32f4xx_ll_fsmc.o
    0x08000854   0x08000854   0x00000068   Code   RO          488    i.FSMC_NORSRAM_Init  stm32f4xx_ll_fsmc.o
    0x080008bc   0x080008bc   0x0000003c   Code   RO          489    i.FSMC_NORSRAM_Timing_Init  stm32f4xx_ll_fsmc.o
    0x080008f8   0x080008f8   0x00000024   Code   RO         1693    i.HAL_Delay         stm32f4xx_hal.o
    0x0800091c   0x0800091c   0x00000074   Code   RO          235    i.HAL_FSMC_MspInit  fsmc.o
    0x08000990   0x08000990   0x000001f0   Code   RO         1149    i.HAL_GPIO_Init     stm32f4xx_hal_gpio.o
    0x08000b80   0x08000b80   0x0000000a   Code   RO         1151    i.HAL_GPIO_ReadPin  stm32f4xx_hal_gpio.o
    0x08000b8a   0x08000b8a   0x0000000a   Code   RO         1153    i.HAL_GPIO_WritePin  stm32f4xx_hal_gpio.o
    0x08000b94   0x08000b94   0x0000000c   Code   RO         1699    i.HAL_GetTick       stm32f4xx_hal.o
    0x08000ba0   0x08000ba0   0x00000010   Code   RO         1705    i.HAL_IncTick       stm32f4xx_hal.o
    0x08000bb0   0x08000bb0   0x00000034   Code   RO         1706    i.HAL_Init          stm32f4xx_hal.o
    0x08000be4   0x08000be4   0x00000040   Code   RO         1707    i.HAL_InitTick      stm32f4xx_hal.o
    0x08000c24   0x08000c24   0x00000030   Code   RO          455    i.HAL_MspInit       stm32f4xx_hal_msp.o
    0x08000c54   0x08000c54   0x0000001a   Code   RO         1541    i.HAL_NVIC_EnableIRQ  stm32f4xx_hal_cortex.o
    0x08000c6e   0x08000c6e   0x00000002   PAD
    0x08000c70   0x08000c70   0x00000040   Code   RO         1547    i.HAL_NVIC_SetPriority  stm32f4xx_hal_cortex.o
    0x08000cb0   0x08000cb0   0x00000024   Code   RO         1548    i.HAL_NVIC_SetPriorityGrouping  stm32f4xx_hal_cortex.o
    0x08000cd4   0x08000cd4   0x00000134   Code   RO          795    i.HAL_RCC_ClockConfig  stm32f4xx_hal_rcc.o
    0x08000e08   0x08000e08   0x00000020   Code   RO          802    i.HAL_RCC_GetPCLK1Freq  stm32f4xx_hal_rcc.o
    0x08000e28   0x08000e28   0x00000020   Code   RO          803    i.HAL_RCC_GetPCLK2Freq  stm32f4xx_hal_rcc.o
    0x08000e48   0x08000e48   0x00000060   Code   RO          804    i.HAL_RCC_GetSysClockFreq  stm32f4xx_hal_rcc.o
    0x08000ea8   0x08000ea8   0x0000036c   Code   RO          807    i.HAL_RCC_OscConfig  stm32f4xx_hal_rcc.o
    0x08001214   0x08001214   0x0000005c   Code   RO          627    i.HAL_SRAM_Init     stm32f4xx_hal_sram.o
    0x08001270   0x08001270   0x00000004   Code   RO          237    i.HAL_SRAM_MspInit  fsmc.o
    0x08001274   0x08001274   0x00000028   Code   RO         1552    i.HAL_SYSTICK_Config  stm32f4xx_hal_cortex.o
    0x0800129c   0x0800129c   0x00000002   Code   RO         2650    i.HAL_TIMEx_BreakCallback  stm32f4xx_hal_tim_ex.o
    0x0800129e   0x0800129e   0x00000002   Code   RO         2651    i.HAL_TIMEx_CommutCallback  stm32f4xx_hal_tim_ex.o
    0x080012a0   0x080012a0   0x00000090   Code   RO         2669    i.HAL_TIMEx_MasterConfigSynchronization  stm32f4xx_hal_tim_ex.o
    0x08001330   0x08001330   0x0000005a   Code   RO         1946    i.HAL_TIM_Base_Init  stm32f4xx_hal_tim.o
    0x0800138a   0x0800138a   0x00000002   PAD
    0x0800138c   0x0800138c   0x0000003c   Code   RO          284    i.HAL_TIM_Base_MspInit  tim.o
    0x080013c8   0x080013c8   0x00000080   Code   RO         1951    i.HAL_TIM_Base_Start_IT  stm32f4xx_hal_tim.o
    0x08001448   0x08001448   0x00000002   Code   RO         1980    i.HAL_TIM_IC_CaptureCallback  stm32f4xx_hal_tim.o
    0x0800144a   0x0800144a   0x00000130   Code   RO         1994    i.HAL_TIM_IRQHandler  stm32f4xx_hal_tim.o
    0x0800157a   0x0800157a   0x00000002   Code   RO         1997    i.HAL_TIM_OC_DelayElapsedCallback  stm32f4xx_hal_tim.o
    0x0800157c   0x0800157c   0x00000002   Code   RO         2024    i.HAL_TIM_PWM_PulseFinishedCallback  stm32f4xx_hal_tim.o
    0x0800157e   0x0800157e   0x00000002   Code   RO         2032    i.HAL_TIM_PeriodElapsedCallback  stm32f4xx_hal_tim.o
    0x08001580   0x08001580   0x00000002   Code   RO         2037    i.HAL_TIM_TriggerCallback  stm32f4xx_hal_tim.o
    0x08001582   0x08001582   0x00000064   Code   RO         2947    i.HAL_UART_Init     stm32f4xx_hal_uart.o
    0x080015e6   0x080015e6   0x00000002   PAD
    0x080015e8   0x080015e8   0x0000006c   Code   RO          326    i.HAL_UART_MspInit  usart.o
    0x08001654   0x08001654   0x000000a0   Code   RO         2955    i.HAL_UART_Transmit  stm32f4xx_hal_uart.o
    0x080016f4   0x080016f4   0x00000002   Code   RO          375    i.HardFault_Handler  stm32f4xx_it.o
    0x080016f6   0x080016f6   0x00000002   PAD
    0x080016f8   0x080016f8   0x00000088   Code   RO          238    i.MX_FSMC_Init      fsmc.o
    0x08001780   0x08001780   0x000000b0   Code   RO          211    i.MX_GPIO_Init      gpio.o
    0x08001830   0x08001830   0x00000048   Code   RO          285    i.MX_TIM6_Init      tim.o
    0x08001878   0x08001878   0x00000038   Code   RO          327    i.MX_USART1_UART_Init  usart.o
    0x080018b0   0x080018b0   0x00000002   Code   RO          376    i.MemManage_Handler  stm32f4xx_it.o
    0x080018b2   0x080018b2   0x00000002   Code   RO          377    i.NMI_Handler       stm32f4xx_it.o
    0x080018b4   0x080018b4   0x00000002   Code   RO          378    i.PendSV_Handler    stm32f4xx_it.o
    0x080018b6   0x080018b6   0x00000002   Code   RO          379    i.SVC_Handler       stm32f4xx_it.o
    0x080018b8   0x080018b8   0x00000004   Code   RO          380    i.SysTick_Handler   stm32f4xx_it.o
    0x080018bc   0x080018bc   0x00000094   Code   RO           14    i.SystemClock_Config  main.o
    0x08001950   0x08001950   0x00000010   Code   RO         3281    i.SystemInit        system_stm32f4xx.o
    0x08001960   0x08001960   0x0000001c   Code   RO          381    i.TIM6_DAC_IRQHandler  stm32f4xx_it.o
    0x0800197c   0x0800197c   0x000000d0   Code   RO         2039    i.TIM_Base_SetConfig  stm32f4xx_hal_tim.o
    0x08001a4c   0x08001a4c   0x0000004e   Code   RO         2970    i.UART_EndRxTransfer  stm32f4xx_hal_uart.o
    0x08001a9a   0x08001a9a   0x00000002   PAD
    0x08001a9c   0x08001a9c   0x0000010c   Code   RO         2973    i.UART_SetConfig    stm32f4xx_hal_uart.o
    0x08001ba8   0x08001ba8   0x00000072   Code   RO         2976    i.UART_WaitOnFlagUntilTimeout  stm32f4xx_hal_uart.o
    0x08001c1a   0x08001c1a   0x00000002   Code   RO          382    i.UsageFault_Handler  stm32f4xx_it.o
    0x08001c1c   0x08001c1c   0x00000020   Code   RO         4333    i.__0printf         mc_w.l(printfa.o)
    0x08001c3c   0x08001c3c   0x00000028   Code   RO         4335    i.__0sprintf        mc_w.l(printfa.o)
    0x08001c64   0x08001c64   0x00000020   Code   RO         1554    i.__NVIC_SetPriority  stm32f4xx_hal_cortex.o
    0x08001c84   0x08001c84   0x0000000e   Code   RO         4413    i.__scatterload_copy  mc_w.l(handlers.o)
    0x08001c92   0x08001c92   0x00000002   Code   RO         4414    i.__scatterload_null  mc_w.l(handlers.o)
    0x08001c94   0x08001c94   0x0000000e   Code   RO         4415    i.__scatterload_zeroinit  mc_w.l(handlers.o)
    0x08001ca2   0x08001ca2   0x00000002   PAD
    0x08001ca4   0x08001ca4   0x00000184   Code   RO         4340    i._fp_digits        mc_w.l(printfa.o)
    0x08001e28   0x08001e28   0x000006b4   Code   RO         4341    i._printf_core      mc_w.l(printfa.o)
    0x080024dc   0x080024dc   0x00000024   Code   RO         4342    i._printf_post_padding  mc_w.l(printfa.o)
    0x08002500   0x08002500   0x0000002e   Code   RO         4343    i._printf_pre_padding  mc_w.l(printfa.o)
    0x0800252e   0x0800252e   0x0000000a   Code   RO         4345    i._sputc            mc_w.l(printfa.o)
    0x08002538   0x08002538   0x00000004   Code   RO         3602    i.at24cxx_init      24cxx.o
    0x0800253c   0x0800253c   0x00000020   Code   RO         3603    i.at24cxx_read      24cxx.o
    0x0800255c   0x0800255c   0x00000042   Code   RO         3604    i.at24cxx_read_one_byte  24cxx.o
    0x0800259e   0x0800259e   0x00000002   PAD
    0x080025a0   0x080025a0   0x00000022   Code   RO         3605    i.at24cxx_write     24cxx.o
    0x080025c2   0x080025c2   0x0000003e   Code   RO         3606    i.at24cxx_write_one_byte  24cxx.o
    0x08002600   0x08002600   0x00000058   Code   RO         3427    i.ct_iic_ack        ctiic.o
    0x08002658   0x08002658   0x00000060   Code   RO         3428    i.ct_iic_init       ctiic.o
    0x080026b8   0x080026b8   0x00000040   Code   RO         3429    i.ct_iic_nack       ctiic.o
    0x080026f8   0x080026f8   0x00000068   Code   RO         3430    i.ct_iic_read_byte  ctiic.o
    0x08002760   0x08002760   0x00000068   Code   RO         3431    i.ct_iic_send_byte  ctiic.o
    0x080027c8   0x080027c8   0x00000050   Code   RO         3432    i.ct_iic_start      ctiic.o
    0x08002818   0x08002818   0x00000044   Code   RO         3433    i.ct_iic_stop       ctiic.o
    0x0800285c   0x0800285c   0x0000006c   Code   RO         3434    i.ct_iic_wait_ack   ctiic.o
    0x080028c8   0x080028c8   0x0000000a   Code   RO         3768    i.delay_ms          delay.o
    0x080028d2   0x080028d2   0x00000002   PAD
    0x080028d4   0x080028d4   0x0000002c   Code   RO         3769    i.delay_us          delay.o
    0x08002900   0x08002900   0x00000018   Code   RO          328    i.fputc             usart.o
    0x08002918   0x08002918   0x00000110   Code   RO         3496    i.ft5206_init       ft5206.o
    0x08002a28   0x08002a28   0x00000056   Code   RO         3497    i.ft5206_rd_reg     ft5206.o
    0x08002a7e   0x08002a7e   0x00000002   PAD
    0x08002a80   0x08002a80   0x00000148   Code   RO         3498    i.ft5206_scan       ft5206.o
    0x08002bc8   0x08002bc8   0x00000048   Code   RO         3499    i.ft5206_wr_reg     ft5206.o
    0x08002c10   0x08002c10   0x00000150   Code   RO         3555    i.gt9xxx_init       gt9xxx.o
    0x08002d60   0x08002d60   0x00000060   Code   RO         3556    i.gt9xxx_rd_reg     gt9xxx.o
    0x08002dc0   0x08002dc0   0x000001e4   Code   RO         3557    i.gt9xxx_scan       gt9xxx.o
    0x08002fa4   0x08002fa4   0x00000052   Code   RO         3558    i.gt9xxx_wr_reg     gt9xxx.o
    0x08002ff6   0x08002ff6   0x00000002   PAD
    0x08002ff8   0x08002ff8   0x00000054   Code   RO         3664    i.iic_ack           myiic.o
    0x0800304c   0x0800304c   0x0000006c   Code   RO         3665    i.iic_init          myiic.o
    0x080030b8   0x080030b8   0x00000040   Code   RO         3666    i.iic_nack          myiic.o
    0x080030f8   0x080030f8   0x00000068   Code   RO         3667    i.iic_read_byte     myiic.o
    0x08003160   0x08003160   0x00000060   Code   RO         3668    i.iic_send_byte     myiic.o
    0x080031c0   0x080031c0   0x0000004c   Code   RO         3669    i.iic_start         myiic.o
    0x0800320c   0x0800320c   0x00000040   Code   RO         3670    i.iic_stop          myiic.o
    0x0800324c   0x0800324c   0x00000068   Code   RO         3671    i.iic_wait_ack      myiic.o
    0x080032b4   0x080032b4   0x00000064   Code   RO         3733    i.key_init          key.o
    0x08003318   0x08003318   0x00000030   Code   RO         3857    i.lcd_clear         lcd.o
    0x08003348   0x08003348   0x000000ec   Code   RO         3859    i.lcd_display_dir   lcd.o
    0x08003434   0x08003434   0x000000c4   Code   RO         3862    i.lcd_draw_circle   lcd.o
    0x080034f8   0x080034f8   0x0000009c   Code   RO         3864    i.lcd_draw_line     lcd.o
    0x08003594   0x08003594   0x00000018   Code   RO         3865    i.lcd_draw_point    lcd.o
    0x080035ac   0x080035ac   0x0000022e   Code   RO         3867    i.lcd_ex_ili9341_reginit  lcd.o
    0x080037da   0x080037da   0x00000342   Code   RO         3868    i.lcd_ex_ili9806_reginit  lcd.o
    0x08003b1c   0x08003b1c   0x00000ef4   Code   RO         3869    i.lcd_ex_nt35310_reginit  lcd.o
    0x08004a10   0x08004a10   0x00000efa   Code   RO         3870    i.lcd_ex_nt35510_reginit  lcd.o
    0x0800590a   0x0800590a   0x00000170   Code   RO         3871    i.lcd_ex_ssd1963_reginit  lcd.o
    0x08005a7a   0x08005a7a   0x000001aa   Code   RO         3872    i.lcd_ex_st7789_reginit  lcd.o
    0x08005c24   0x08005c24   0x000001c2   Code   RO         3873    i.lcd_ex_st7796_reginit  lcd.o
    0x08005de6   0x08005de6   0x00000002   PAD
    0x08005de8   0x08005de8   0x00000048   Code   RO         3874    i.lcd_fill          lcd.o
    0x08005e30   0x08005e30   0x00000214   Code   RO         3876    i.lcd_init          lcd.o
    0x08006044   0x08006044   0x0000001c   Code   RO         3878    i.lcd_rd_data       lcd.o
    0x08006060   0x08006060   0x00000184   Code   RO         3880    i.lcd_scan_dir      lcd.o
    0x080061e4   0x080061e4   0x000000f4   Code   RO         3881    i.lcd_set_cursor    lcd.o
    0x080062d8   0x080062d8   0x000000dc   Code   RO         3883    i.lcd_show_char     lcd.o
    0x080063b4   0x080063b4   0x00000056   Code   RO         3885    i.lcd_show_string   lcd.o
    0x0800640a   0x0800640a   0x00000002   PAD
    0x0800640c   0x0800640c   0x00000050   Code   RO         3887    i.lcd_ssd_backlight_set  lcd.o
    0x0800645c   0x0800645c   0x00000018   Code   RO         3888    i.lcd_wr_data       lcd.o
    0x08006474   0x08006474   0x00000018   Code   RO         3889    i.lcd_wr_regno      lcd.o
    0x0800648c   0x0800648c   0x00000014   Code   RO         3890    i.lcd_write_ram_prepare  lcd.o
    0x080064a0   0x080064a0   0x00000010   Code   RO         3891    i.lcd_write_reg     lcd.o
    0x080064b0   0x080064b0   0x000000dc   Code   RO           16    i.main              main.o
    0x0800658c   0x0800658c   0x0000035c   Code   RO         3318    i.tp_adjust         touch.o
    0x080068e8   0x080068e8   0x0000012c   Code   RO         3319    i.tp_adjust_info_show  touch.o
    0x08006a14   0x08006a14   0x0000007e   Code   RO         3321    i.tp_draw_touch_point  touch.o
    0x08006a92   0x08006a92   0x00000002   PAD
    0x08006a94   0x08006a94   0x00000024   Code   RO         3322    i.tp_get_adjust_data  touch.o
    0x08006ab8   0x08006ab8   0x00000194   Code   RO         3323    i.tp_init           touch.o
    0x08006c4c   0x08006c4c   0x00000100   Code   RO         3324    i.tp_read_ad        touch.o
    0x08006d4c   0x08006d4c   0x00000064   Code   RO         3325    i.tp_read_xoy       touch.o
    0x08006db0   0x08006db0   0x00000034   Code   RO         3326    i.tp_read_xy        touch.o
    0x08006de4   0x08006de4   0x00000072   Code   RO         3327    i.tp_read_xy2       touch.o
    0x08006e56   0x08006e56   0x00000002   PAD
    0x08006e58   0x08006e58   0x0000001c   Code   RO         3328    i.tp_save_adjust_data  touch.o
    0x08006e74   0x08006e74   0x000000d4   Code   RO         3329    i.tp_scan           touch.o
    0x08006f48   0x08006f48   0x00000010   Data   RO         3282    .constdata          system_stm32f4xx.o
    0x08006f58   0x08006f58   0x00000008   Data   RO         3283    .constdata          system_stm32f4xx.o
    0x08006f60   0x08006f60   0x00000004   Data   RO         3330    .constdata          touch.o
    0x08006f64   0x08006f64   0x0000000a   Data   RO         3500    .constdata          ft5206.o
    0x08006f6e   0x08006f6e   0x00000014   Data   RO         3559    .constdata          gt9xxx.o
    0x08006f82   0x08006f82   0x00002f80   Data   RO         3894    .constdata          lcd.o
    0x08009f02   0x08009f02   0x00000002   PAD
    0x08009f04   0x08009f04   0x00000079   Data   RO         3331    .conststring        touch.o
    0x08009f7d   0x08009f7d   0x00000003   PAD
    0x08009f80   0x08009f80   0x00000020   Data   RO         4411    Region$$Table       anon$$obj.o


    Execution Region RW_IRAM1 (Exec base: 0x20000000, Load base: 0x08009fa0, Size: 0x00000560, Max: 0x0001c000, ABSOLUTE)

    Exec Addr    Load Addr    Size         Type   Attr      Idx    E Section Name        Object

    0x20000000   0x08009fa0   0x00000004   Data   RW           18    .data               main.o
    0x20000004   0x08009fa4   0x00000008   Data   RW          240    .data               fsmc.o
    0x2000000c   0x08009fac   0x0000000c   Data   RW         1713    .data               stm32f4xx_hal.o
    0x20000018   0x08009fb8   0x00000004   Data   RW         3284    .data               system_stm32f4xx.o
    0x2000001c   0x08009fbc   0x00000048   Data   RW         3332    .data               touch.o
    0x20000064   0x0800a004   0x00000001   Data   RW         3501    .data               ft5206.o
    0x20000065   0x0800a005   0x00000002   Data   RW         3560    .data               gt9xxx.o
    0x20000067   0x0800a007   0x00000001   PAD
    0x20000068   0x0800a008   0x00000004   Data   RW         3896    .data               lcd.o
    0x2000006c   0x0800a00c   0x00000004   Data   RW         4393    .data               mc_w.l(stdout.o)
    0x20000070        -       0x00000050   Zero   RW          239    .bss                fsmc.o
    0x200000c0        -       0x00000048   Zero   RW          286    .bss                tim.o
    0x20000108        -       0x00000048   Zero   RW          329    .bss                usart.o
    0x20000150        -       0x0000000e   Zero   RW         3893    .bss                lcd.o
    0x2000015e   0x0800a010   0x00000002   PAD
    0x20000160        -       0x00000400   Zero   RW            1    STACK               startup_stm32f407xx.o


    Execution Region RW_IRAM2 (Exec base: 0x2001c000, Load base: 0x0800a010, Size: 0x00000000, Max: 0x00004000, ABSOLUTE)

    **** No section assigned to this execution region ****


==============================================================================

Image component sizes


      Code (inc. data)   RO Data    RW Data    ZI Data      Debug   Object Name

       198          0          0          0          0       3383   24cxx.o
       712         76          0          0          0       5674   ctiic.o
        94         20          0          0          0       1849   delay.o
       256         28          0          8         80       2319   fsmc.o
       758         44         10          1          0       4025   ft5206.o
       176         14          0          0          0       1035   gpio.o
       998         74         20          2          0       4227   gt9xxx.o
       100         14          0          0          0        919   key.o
     12692        120      12160          4         14      26448   lcd.o
       372         80          0          4          0     709584   main.o
       700         42          0          0          0       5578   myiic.o
        36          8        392          0       1024        848   startup_stm32f407xx.o
       180         28          0         12          0       9517   stm32f4xx_hal.o
       198         14          0          0          0      33911   stm32f4xx_hal_cortex.o
       516         46          0          0          0       2899   stm32f4xx_hal_gpio.o
        48          6          0          0          0        886   stm32f4xx_hal_msp.o
      1344         72          0          0          0       5332   stm32f4xx_hal_rcc.o
        92          0          0          0          0       1252   stm32f4xx_hal_sram.o
       740         72          0          0          0       7649   stm32f4xx_hal_tim.o
       148         28          0          0          0       2537   stm32f4xx_hal_tim_ex.o
       720         10          0          0          0       4928   stm32f4xx_hal_uart.o
        48         10          0          0          0       4804   stm32f4xx_it.o
       224         14          0          0          0       4031   stm32f4xx_ll_fsmc.o
        16          4         24          4          0       1163   system_stm32f4xx.o
       132         18          0          0         72       1662   tim.o
      2488        176        125         72          0      11338   touch.o
       188         26          0          0         72       2398   usart.o

    ----------------------------------------------------------------------
     24204       1044      12768        108       1264     860196   Object Totals
         0          0         32          0          0          0   (incl. Generated)
        30          0          5          1          2          0   (incl. Padding)

    ----------------------------------------------------------------------

      Code (inc. data)   RO Data    RW Data    ZI Data      Debug   Library Member Name

         0          0          0          0          0          0   entry.o
         0          0          0          0          0          0   entry10a.o
         0          0          0          0          0          0   entry11a.o
         4          0          0          0          0          0   entry12b.o
         8          4          0          0          0          0   entry2.o
         4          0          0          0          0          0   entry5.o
         0          0          0          0          0          0   entry7b.o
         0          0          0          0          0          0   entry8b.o
         8          4          0          0          0          0   entry9a.o
        30          0          0          0          0          0   handlers.o
        36          8          0          0          0         68   init.o
         0          0          0          0          0          0   iusefp.o
        30          0          0          0          0         68   llshl.o
        36          0          0          0          0         68   llsshr.o
        32          0          0          0          0         68   llushr.o
        36          0          0          0          0        108   memseta.o
      2268         96          0          0          0        616   printfa.o
         0          0          0          4          0          0   stdout.o
        28          0          0          0          0         76   strcmp.o
        44          0          0          0          0         80   uidiv.o
        98          0          0          0          0         92   uldiv.o
        48          0          0          0          0         68   cdcmple.o
        48          0          0          0          0         68   cdrcmple.o
       334          0          0          0          0        148   dadd.o
       222          0          0          0          0        100   ddiv.o
       186          0          0          0          0        176   depilogue.o
        50          0          0          0          0         76   dfixui.o
        48          0          0          0          0         68   dfixul.o
        34          0          0          0          0         76   dflti.o
        26          0          0          0          0         76   dfltui.o
       228          0          0          0          0         96   dmul.o

    ----------------------------------------------------------------------
      3892        112          0          4          0       2196   Library Totals
         6          0          0          0          0          0   (incl. Padding)

    ----------------------------------------------------------------------

      Code (inc. data)   RO Data    RW Data    ZI Data      Debug   Library Name

      2662        112          0          4          0       1244   mc_w.l
      1224          0          0          0          0        952   mf_w.l

    ----------------------------------------------------------------------
      3892        112          0          4          0       2196   Library Totals

    ----------------------------------------------------------------------

==============================================================================


      Code (inc. data)   RO Data    RW Data    ZI Data      Debug   

     28096       1156      12768        112       1264     849000   Grand Totals
     28096       1156      12768        112       1264     849000   ELF Image Totals
     28096       1156      12768        112          0          0   ROM Totals

==============================================================================

    Total RO  Size (Code + RO Data)                40864 (  39.91kB)
    Total RW  Size (RW Data + ZI Data)              1376 (   1.34kB)
    Total ROM Size (Code + RO Data + RW Data)      40976 (  40.02kB)

==============================================================================

